Archive member included to satisfy reference by file (symbol)

c:/st/stm32cubeide_1.0.2/stm32cubeide/plugins/com.st.stm32cube.ide.mcu.externaltools.gnu-tools-for-stm32.7-2018-q2-update.win32_1.5.0.202011040924/tools/bin/../lib/gcc/arm-none-eabi/7.3.1/../../../../arm-none-eabi/lib/thumb/v7e-m/fpv4-sp/hard\libc_nano.a(lib_a-errno.o)
                              Core/Src/syscalls.o (__errno)
c:/st/stm32cubeide_1.0.2/stm32cubeide/plugins/com.st.stm32cube.ide.mcu.externaltools.gnu-tools-for-stm32.7-2018-q2-update.win32_1.5.0.202011040924/tools/bin/../lib/gcc/arm-none-eabi/7.3.1/../../../../arm-none-eabi/lib/thumb/v7e-m/fpv4-sp/hard\libc_nano.a(lib_a-exit.o)
                              c:/st/stm32cubeide_1.0.2/stm32cubeide/plugins/com.st.stm32cube.ide.mcu.externaltools.gnu-tools-for-stm32.7-2018-q2-update.win32_1.5.0.202011040924/tools/bin/../lib/gcc/arm-none-eabi/7.3.1/../../../../arm-none-eabi/lib/thumb/v7e-m/fpv4-sp/hard/crt0.o (exit)
c:/st/stm32cubeide_1.0.2/stm32cubeide/plugins/com.st.stm32cube.ide.mcu.externaltools.gnu-tools-for-stm32.7-2018-q2-update.win32_1.5.0.202011040924/tools/bin/../lib/gcc/arm-none-eabi/7.3.1/../../../../arm-none-eabi/lib/thumb/v7e-m/fpv4-sp/hard\libc_nano.a(lib_a-impure.o)
                              c:/st/stm32cubeide_1.0.2/stm32cubeide/plugins/com.st.stm32cube.ide.mcu.externaltools.gnu-tools-for-stm32.7-2018-q2-update.win32_1.5.0.202011040924/tools/bin/../lib/gcc/arm-none-eabi/7.3.1/../../../../arm-none-eabi/lib/thumb/v7e-m/fpv4-sp/hard\libc_nano.a(lib_a-exit.o) (_global_impure_ptr)
c:/st/stm32cubeide_1.0.2/stm32cubeide/plugins/com.st.stm32cube.ide.mcu.externaltools.gnu-tools-for-stm32.7-2018-q2-update.win32_1.5.0.202011040924/tools/bin/../lib/gcc/arm-none-eabi/7.3.1/../../../../arm-none-eabi/lib/thumb/v7e-m/fpv4-sp/hard\libc_nano.a(lib_a-init.o)
                              c:/st/stm32cubeide_1.0.2/stm32cubeide/plugins/com.st.stm32cube.ide.mcu.externaltools.gnu-tools-for-stm32.7-2018-q2-update.win32_1.5.0.202011040924/tools/bin/../lib/gcc/arm-none-eabi/7.3.1/../../../../arm-none-eabi/lib/thumb/v7e-m/fpv4-sp/hard/crt0.o (__libc_init_array)
c:/st/stm32cubeide_1.0.2/stm32cubeide/plugins/com.st.stm32cube.ide.mcu.externaltools.gnu-tools-for-stm32.7-2018-q2-update.win32_1.5.0.202011040924/tools/bin/../lib/gcc/arm-none-eabi/7.3.1/../../../../arm-none-eabi/lib/thumb/v7e-m/fpv4-sp/hard\libc_nano.a(lib_a-malloc.o)
                              Middlewares/ST/STM32_USB_Host_Library/Class/CDC/Src/usbh_cdc.o (malloc)
c:/st/stm32cubeide_1.0.2/stm32cubeide/plugins/com.st.stm32cube.ide.mcu.externaltools.gnu-tools-for-stm32.7-2018-q2-update.win32_1.5.0.202011040924/tools/bin/../lib/gcc/arm-none-eabi/7.3.1/../../../../arm-none-eabi/lib/thumb/v7e-m/fpv4-sp/hard\libc_nano.a(lib_a-memset.o)
                              c:/st/stm32cubeide_1.0.2/stm32cubeide/plugins/com.st.stm32cube.ide.mcu.externaltools.gnu-tools-for-stm32.7-2018-q2-update.win32_1.5.0.202011040924/tools/bin/../lib/gcc/arm-none-eabi/7.3.1/../../../../arm-none-eabi/lib/thumb/v7e-m/fpv4-sp/hard/crt0.o (memset)
c:/st/stm32cubeide_1.0.2/stm32cubeide/plugins/com.st.stm32cube.ide.mcu.externaltools.gnu-tools-for-stm32.7-2018-q2-update.win32_1.5.0.202011040924/tools/bin/../lib/gcc/arm-none-eabi/7.3.1/../../../../arm-none-eabi/lib/thumb/v7e-m/fpv4-sp/hard\libc_nano.a(lib_a-nano-freer.o)
                              c:/st/stm32cubeide_1.0.2/stm32cubeide/plugins/com.st.stm32cube.ide.mcu.externaltools.gnu-tools-for-stm32.7-2018-q2-update.win32_1.5.0.202011040924/tools/bin/../lib/gcc/arm-none-eabi/7.3.1/../../../../arm-none-eabi/lib/thumb/v7e-m/fpv4-sp/hard\libc_nano.a(lib_a-malloc.o) (_free_r)
c:/st/stm32cubeide_1.0.2/stm32cubeide/plugins/com.st.stm32cube.ide.mcu.externaltools.gnu-tools-for-stm32.7-2018-q2-update.win32_1.5.0.202011040924/tools/bin/../lib/gcc/arm-none-eabi/7.3.1/../../../../arm-none-eabi/lib/thumb/v7e-m/fpv4-sp/hard\libc_nano.a(lib_a-nano-mallocr.o)
                              c:/st/stm32cubeide_1.0.2/stm32cubeide/plugins/com.st.stm32cube.ide.mcu.externaltools.gnu-tools-for-stm32.7-2018-q2-update.win32_1.5.0.202011040924/tools/bin/../lib/gcc/arm-none-eabi/7.3.1/../../../../arm-none-eabi/lib/thumb/v7e-m/fpv4-sp/hard\libc_nano.a(lib_a-malloc.o) (_malloc_r)
c:/st/stm32cubeide_1.0.2/stm32cubeide/plugins/com.st.stm32cube.ide.mcu.externaltools.gnu-tools-for-stm32.7-2018-q2-update.win32_1.5.0.202011040924/tools/bin/../lib/gcc/arm-none-eabi/7.3.1/../../../../arm-none-eabi/lib/thumb/v7e-m/fpv4-sp/hard\libc_nano.a(lib_a-sbrkr.o)
                              c:/st/stm32cubeide_1.0.2/stm32cubeide/plugins/com.st.stm32cube.ide.mcu.externaltools.gnu-tools-for-stm32.7-2018-q2-update.win32_1.5.0.202011040924/tools/bin/../lib/gcc/arm-none-eabi/7.3.1/../../../../arm-none-eabi/lib/thumb/v7e-m/fpv4-sp/hard\libc_nano.a(lib_a-nano-mallocr.o) (_sbrk_r)
[...]
Memory Configuration

Name             Origin             Length             Attributes
CCMRAM           0x0000000010000000 0x0000000000010000 xrw
RAM              0x0000000020000000 0x0000000000020000 xrw
FLASH            0x0000000008000000 0x0000000000100000 xr
*default*        0x0000000000000000 0xffffffffffffffff

Linker script and memory map

LOAD c:/st/stm32cubeide_1.0.2/stm32cubeide/plugins/com.st.stm32cube.ide.mcu.externaltools.gnu-tools-for-stm32.7-2018-q2-update.win32_1.5.0.202011040924/tools/bin/../lib/gcc/arm-none-eabi/7.3.1/thumb/v7e-m/fpv4-sp/hard/crti.o
LOAD c:/st/stm32cubeide_1.0.2/stm32cubeide/plugins/com.st.stm32cube.ide.mcu.externaltools.gnu-tools-for-stm32.7-2018-q2-update.win32_1.5.0.202011040924/tools/bin/../lib/gcc/arm-none-eabi/7.3.1/thumb/v7e-m/fpv4-sp/hard/crtbegin.o
LOAD c:/st/stm32cubeide_1.0.2/stm32cubeide/plugins/com.st.stm32cube.ide.mcu.externaltools.gnu-tools-for-stm32.7-2018-q2-update.win32_1.5.0.202011040924/tools/bin/../lib/gcc/arm-none-eabi/7.3.1/../../../../arm-none-eabi/lib/thumb/v7e-m/fpv4-sp/hard/crt0.o
LOAD Core/Src/audio.o
LOAD Core/Src/main.o
LOAD Core/Src/stm32f4xx_hal_msp.o
LOAD Core/Src/stm32f4xx_it.o
LOAD Core/Src/syscalls.o
LOAD Core/Src/sysmem.o
LOAD Core/Src/system_stm32f4xx.o
LOAD Core/Startup/startup_stm32f407vgtx.o
LOAD Drivers/STM32F4xx_HAL_Driver/Src/stm32f4xx_hal.o
LOAD Drivers/STM32F4xx_HAL_Driver/Src/stm32f4xx_hal_cortex.o
LOAD Drivers/STM32F4xx_HAL_Driver/Src/stm32f4xx_hal_dma.o
LOAD Drivers/STM32F4xx_HAL_Driver/Src/stm32f4xx_hal_dma_ex.o
LOAD Drivers/STM32F4xx_HAL_Driver/Src/stm32f4xx_hal_exti.o
LOAD Drivers/STM32F4xx_HAL_Driver/Src/stm32f4xx_hal_flash.o
LOAD Drivers/STM32F4xx_HAL_Driver/Src/stm32f4xx_hal_flash_ex.o
LOAD Drivers/STM32F4xx_HAL_Driver/Src/stm32f4xx_hal_flash_ramfunc.o
LOAD Drivers/STM32F4xx_HAL_Driver/Src/stm32f4xx_hal_gpio.o
LOAD Drivers/STM32F4xx_HAL_Driver/Src/stm32f4xx_hal_hcd.o
LOAD Drivers/STM32F4xx_HAL_Driver/Src/stm32f4xx_hal_i2c.o
LOAD Drivers/STM32F4xx_HAL_Driver/Src/stm32f4xx_hal_i2c_ex.o
LOAD Drivers/STM32F4xx_HAL_Driver/Src/stm32f4xx_hal_i2s.o
LOAD Drivers/STM32F4xx_HAL_Driver/Src/stm32f4xx_hal_i2s_ex.o
LOAD Drivers/STM32F4xx_HAL_Driver/Src/stm32f4xx_hal_pwr.o
LOAD Drivers/STM32F4xx_HAL_Driver/Src/stm32f4xx_hal_pwr_ex.o
LOAD Drivers/STM32F4xx_HAL_Driver/Src/stm32f4xx_hal_rcc.o
LOAD Drivers/STM32F4xx_HAL_Driver/Src/stm32f4xx_hal_rcc_ex.o
LOAD Drivers/STM32F4xx_HAL_Driver/Src/stm32f4xx_hal_spi.o
LOAD Drivers/STM32F4xx_HAL_Driver/Src/stm32f4xx_hal_tim.o
LOAD Drivers/STM32F4xx_HAL_Driver/Src/stm32f4xx_hal_tim_ex.o
LOAD Drivers/STM32F4xx_HAL_Driver/Src/stm32f4xx_ll_usb.o
LOAD Middlewares/ST/STM32_USB_Host_Library/Class/CDC/Src/usbh_cdc.o
LOAD Middlewares/ST/STM32_USB_Host_Library/Core/Src/usbh_core.o
LOAD Middlewares/ST/STM32_USB_Host_Library/Core/Src/usbh_ctlreq.o
LOAD Middlewares/ST/STM32_USB_Host_Library/Core/Src/usbh_ioreq.o
LOAD Middlewares/ST/STM32_USB_Host_Library/Core/Src/usbh_pipes.o
LOAD USB_HOST/App/usb_host.o
LOAD USB_HOST/Target/usbh_conf.o
LOAD USB_HOST/Target/usbh_platform.o
START GROUP
LOAD c:/st/stm32cubeide_1.0.2/stm32cubeide/plugins/com.st.stm32cube.ide.mcu.externaltools.gnu-tools-for-stm32.7-2018-q2-update.win32_1.5.0.202011040924/tools/bin/../lib/gcc/arm-none-eabi/7.3.1/../../../../arm-none-eabi/lib/thumb/v7e-m/fpv4-sp/hard\libstdc++_nano.a
LOAD c:/st/stm32cubeide_1.0.2/stm32cubeide/plugins/com.st.stm32cube.ide.mcu.externaltools.gnu-tools-for-stm32.7-2018-q2-update.win32_1.5.0.202011040924/tools/bin/../lib/gcc/arm-none-eabi/7.3.1/../../../../arm-none-eabi/lib/thumb/v7e-m/fpv4-sp/hard\libsupc++_nano.a
END GROUP
LOAD c:/st/stm32cubeide_1.0.2/stm32cubeide/plugins/com.st.stm32cube.ide.mcu.externaltools.gnu-tools-for-stm32.7-2018-q2-update.win32_1.5.0.202011040924/tools/bin/../lib/gcc/arm-none-eabi/7.3.1/../../../../arm-none-eabi/lib/thumb/v7e-m/fpv4-sp/hard\libstdc++_nano.a
LOAD c:/st/stm32cubeide_1.0.2/stm32cubeide/plugins/com.st.stm32cube.ide.mcu.externaltools.gnu-tools-for-stm32.7-2018-q2-update.win32_1.5.0.202011040924/tools/bin/../lib/gcc/arm-none-eabi/7.3.1/../../../../arm-none-eabi/lib/thumb/v7e-m/fpv4-sp/hard\libm.a
LOAD c:/st/stm32cubeide_1.0.2/stm32cubeide/plugins/com.st.stm32cube.ide.mcu.externaltools.gnu-tools-for-stm32.7-2018-q2-update.win32_1.5.0.202011040924/tools/bin/../lib/gcc/arm-none-eabi/7.3.1/../../../../arm-none-eabi/lib/thumb/v7e-m/fpv4-sp/hard\libc_nano.a
START GROUP
LOAD c:/st/stm32cubeide_1.0.2/stm32cubeide/plugins/com.st.stm32cube.ide.mcu.externaltools.gnu-tools-for-stm32.7-2018-q2-update.win32_1.5.0.202011040924/tools/bin/../lib/gcc/arm-none-eabi/7.3.1/thumb/v7e-m/fpv4-sp/hard\libgcc.a
LOAD c:/st/stm32cubeide_1.0.2/stm32cubeide/plugins/com.st.stm32cube.ide.mcu.externaltools.gnu-tools-for-stm32.7-2018-q2-update.win32_1.5.0.202011040924/tools/bin/../lib/gcc/arm-none-eabi/7.3.1/../../../../arm-none-eabi/lib/thumb/v7e-m/fpv4-sp/hard\libc_nano.a
END GROUP
START GROUP
LOAD c:/st/stm32cubeide_1.0.2/stm32cubeide/plugins/com.st.stm32cube.ide.mcu.externaltools.gnu-tools-for-stm32.7-2018-q2-update.win32_1.5.0.202011040924/tools/bin/../lib/gcc/arm-none-eabi/7.3.1/thumb/v7e-m/fpv4-sp/hard\libgcc.a
LOAD c:/st/stm32cubeide_1.0.2/stm32cubeide/plugins/com.st.stm32cube.ide.mcu.externaltools.gnu-tools-for-stm32.7-2018-q2-update.win32_1.5.0.202011040924/tools/bin/../lib/gcc/arm-none-eabi/7.3.1/../../../../arm-none-eabi/lib/thumb/v7e-m/fpv4-sp/hard\libc_nano.a
LOAD c:/st/stm32cubeide_1.0.2/stm32cubeide/plugins/com.st.stm32cube.ide.mcu.externaltools.gnu-tools-for-stm32.7-2018-q2-update.win32_1.5.0.202011040924/tools/bin/../lib/gcc/arm-none-eabi/7.3.1/../../../../arm-none-eabi/lib/thumb/v7e-m/fpv4-sp/hard\libnosys.a
END GROUP
START GROUP
LOAD c:/st/stm32cubeide_1.0.2/stm32cubeide/plugins/com.st.stm32cube.ide.mcu.externaltools.gnu-tools-for-stm32.7-2018-q2-update.win32_1.5.0.202011040924/tools/bin/../lib/gcc/arm-none-eabi/7.3.1/thumb/v7e-m/fpv4-sp/hard\libgcc.a
LOAD c:/st/stm32cubeide_1.0.2/stm32cubeide/plugins/com.st.stm32cube.ide.mcu.externaltools.gnu-tools-for-stm32.7-2018-q2-update.win32_1.5.0.202011040924/tools/bin/../lib/gcc/arm-none-eabi/7.3.1/../../../../arm-none-eabi/lib/thumb/v7e-m/fpv4-sp/hard\libc_nano.a
LOAD c:/st/stm32cubeide_1.0.2/stm32cubeide/plugins/com.st.stm32cube.ide.mcu.externaltools.gnu-tools-for-stm32.7-2018-q2-update.win32_1.5.0.202011040924/tools/bin/../lib/gcc/arm-none-eabi/7.3.1/../../../../arm-none-eabi/lib/thumb/v7e-m/fpv4-sp/hard\libnosys.a
END GROUP
LOAD c:/st/stm32cubeide_1.0.2/stm32cubeide/plugins/com.st.stm32cube.ide.mcu.externaltools.gnu-tools-for-stm32.7-2018-q2-update.win32_1.5.0.202011040924/tools/bin/../lib/gcc/arm-none-eabi/7.3.1/thumb/v7e-m/fpv4-sp/hard/crtend.o
LOAD c:/st/stm32cubeide_1.0.2/stm32cubeide/plugins/com.st.stm32cube.ide.mcu.externaltools.gnu-tools-for-stm32.7-2018-q2-update.win32_1.5.0.202011040924/tools/bin/../lib/gcc/arm-none-eabi/7.3.1/thumb/v7e-m/fpv4-sp/hard/crtn.o
                0x0000000020020000                _estack = (ORIGIN (RAM) + LENGTH (RAM))
                0x0000000000000200                _Min_Heap_Size = 0x200
                0x0000000000000400                _Min_Stack_Size = 0x400

.isr_vector     0x0000000008000000      0x188
                0x0000000008000000                . = ALIGN (0x4)
 *(.isr_vector)
 .isr_vector    0x0000000008000000      0x188 Core/Startup/startup_stm32f407vgtx.o
                0x0000000008000000                g_pfnVectors
                0x0000000008000188                . = ALIGN (0x4)

.text           0x0000000008000188     0x7898
                0x0000000008000188                . = ALIGN (0x4)
 *(.text)
 .text          0x0000000008000188       0x40 c:/st/stm32cubeide_1.0.2/stm32cubeide/plugins/com.st.stm32cube.ide.mcu.externaltools.gnu-tools-for-stm32.7-2018-q2-update.win32_1.5.0.202011040924/tools/bin/../lib/gcc/arm-none-eabi/7.3.1/thumb/v7e-m/fpv4-sp/hard/crtbegin.o
 .text          0x00000000080001c8       0x30 c:/st/stm32cubeide_1.0.2/stm32cubeide/plugins/com.st.stm32cube.ide.mcu.externaltools.gnu-tools-for-stm32.7-2018-q2-update.win32_1.5.0.202011040924/tools/bin/../lib/gcc/arm-none-eabi/7.3.1/thumb/v7e-m/fpv4-sp/hard\libgcc.a(_aeabi_uldivmod.o)
                0x00000000080001c8                __aeabi_uldivmod
 .text          0x00000000080001f8      0x2cc c:/st/stm32cubeide_1.0.2/stm32cubeide/plugins/com.st.stm32cube.ide.mcu.externaltools.gnu-tools-for-stm32.7-2018-q2-update.win32_1.5.0.202011040924/tools/bin/../lib/gcc/arm-none-eabi/7.3.1/thumb/v7e-m/fpv4-sp/hard\libgcc.a(_udivmoddi4.o)
                0x00000000080001f8                __udivmoddi4
 .text          0x00000000080004c4        0x4 c:/st/stm32cubeide_1.0.2/stm32cubeide/plugins/com.st.stm32cube.ide.mcu.externaltools.gnu-tools-for-stm32.7-2018-q2-update.win32_1.5.0.202011040924/tools/bin/../lib/gcc/arm-none-eabi/7.3.1/thumb/v7e-m/fpv4-sp/hard\libgcc.a(_dvmd_tls.o)
                0x00000000080004c4                __aeabi_idiv0
                0x00000000080004c4                __aeabi_ldiv0
 *(.text*)
 .text.main     0x00000000080004c8       0x38 Core/Src/main.o
                0x00000000080004c8                main
 .text.SystemClock_Config
                0x0000000008000500      0x104 Core/Src/main.o
                0x0000000008000500                SystemClock_Config
 .text.MX_I2C1_Init
                0x0000000008000604       0x5c Core/Src/main.o
 .text.MX_I2S3_Init
                0x0000000008000660       0x60 Core/Src/main.o
 .text.MX_SPI1_Init
                0x00000000080006c0       0x6c Core/Src/main.o
 .text.MX_TIM2_Init
                0x000000000800072c       0xb0 Core/Src/main.o
 .text.MX_GPIO_Init
                0x00000000080007dc      0x1fc Core/Src/main.o
 .text.HAL_TIM_PWM_PulseFinishedCallback
                0x00000000080009d8       0xb4 Core/Src/main.o
                0x00000000080009d8                HAL_TIM_PWM_PulseFinishedCallback
 .text.startPlayback
                0x0000000008000a8c       0x5c Core/Src/main.o
                0x0000000008000a8c                startPlayback
 .text.Error_Handler
                0x0000000008000ae8        0x8 Core/Src/main.o
                0x0000000008000ae8                Error_Handler
 .text.HAL_MspInit
                0x0000000008000af0       0x50 Core/Src/stm32f4xx_hal_msp.o
                0x0000000008000af0                HAL_MspInit
 .text.HAL_I2C_MspInit
                0x0000000008000b40       0x90 Core/Src/stm32f4xx_hal_msp.o
                0x0000000008000b40                HAL_I2C_MspInit
 .text.HAL_I2S_MspInit
                0x0000000008000bd0       0xd0 Core/Src/stm32f4xx_hal_msp.o
                0x0000000008000bd0                HAL_I2S_MspInit
 .text.HAL_SPI_MspInit
                0x0000000008000ca0       0x90 Core/Src/stm32f4xx_hal_msp.o
                0x0000000008000ca0                HAL_SPI_MspInit
 .text.HAL_TIM_PWM_MspInit
                0x0000000008000d30       0x4c Core/Src/stm32f4xx_hal_msp.o
                0x0000000008000d30                HAL_TIM_PWM_MspInit
 .text.HAL_TIM_MspPostInit
                0x0000000008000d7c       0x70 Core/Src/stm32f4xx_hal_msp.o
                0x0000000008000d7c                HAL_TIM_MspPostInit
 .text.NMI_Handler
                0x0000000008000dec        0x6 Core/Src/stm32f4xx_it.o
                0x0000000008000dec                NMI_Handler
 .text.HardFault_Handler
                0x0000000008000df2        0x6 Core/Src/stm32f4xx_it.o
                0x0000000008000df2                HardFault_Handler
 .text.MemManage_Handler
                0x0000000008000df8        0x6 Core/Src/stm32f4xx_it.o
                0x0000000008000df8                MemManage_Handler
 .text.BusFault_Handler
                0x0000000008000dfe        0x6 Core/Src/stm32f4xx_it.o
                0x0000000008000dfe                BusFault_Handler
 .text.UsageFault_Handler
                0x0000000008000e04        0x6 Core/Src/stm32f4xx_it.o
                0x0000000008000e04                UsageFault_Handler
 .text.SVC_Handler
                0x0000000008000e0a        0xe Core/Src/stm32f4xx_it.o
                0x0000000008000e0a                SVC_Handler
 .text.DebugMon_Handler
                0x0000000008000e18        0xe Core/Src/stm32f4xx_it.o
                0x0000000008000e18                DebugMon_Handler
 .text.PendSV_Handler
                0x0000000008000e26        0xe Core/Src/stm32f4xx_it.o
                0x0000000008000e26                PendSV_Handler
 .text.SysTick_Handler
                0x0000000008000e34        0xc Core/Src/stm32f4xx_it.o
                0x0000000008000e34                SysTick_Handler
 .text.TIM2_IRQHandler
                0x0000000008000e40       0x14 Core/Src/stm32f4xx_it.o
                0x0000000008000e40                TIM2_IRQHandler
 .text.OTG_FS_IRQHandler
                0x0000000008000e54       0x14 Core/Src/stm32f4xx_it.o
                0x0000000008000e54                OTG_FS_IRQHandler
 .text._sbrk    0x0000000008000e68       0x6c Core/Src/sysmem.o
                0x0000000008000e68                _sbrk
 .text.SystemInit
                0x0000000008000ed4       0x2c Core/Src/system_stm32f4xx.o
                0x0000000008000ed4                SystemInit
 .text.Reset_Handler
                0x0000000008000f00       0x50 Core/Startup/startup_stm32f407vgtx.o
                0x0000000008000f00                Reset_Handler
 .text.Default_Handler
                0x0000000008000f50        0x2 Core/Startup/startup_stm32f407vgtx.o
                0x0000000008000f50                RTC_Alarm_IRQHandler
                0x0000000008000f50                HASH_RNG_IRQHandler
                0x0000000008000f50                EXTI2_IRQHandler
                0x0000000008000f50                TIM8_CC_IRQHandler
                0x0000000008000f50                TIM1_CC_IRQHandler
                0x0000000008000f50                DMA2_Stream5_IRQHandler
                0x0000000008000f50                DMA1_Stream5_IRQHandler
                0x0000000008000f50                PVD_IRQHandler
                0x0000000008000f50                SDIO_IRQHandler
                0x0000000008000f50                TAMP_STAMP_IRQHandler
                0x0000000008000f50                CAN2_RX1_IRQHandler
                0x0000000008000f50                EXTI3_IRQHandler
                0x0000000008000f50                TIM8_TRG_COM_TIM14_IRQHandler
                0x0000000008000f50                TIM1_UP_TIM10_IRQHandler
                0x0000000008000f50                TIM8_UP_TIM13_IRQHandler
                0x0000000008000f50                I2C3_ER_IRQHandler
                0x0000000008000f50                EXTI0_IRQHandler
                0x0000000008000f50                I2C2_EV_IRQHandler
                0x0000000008000f50                DMA1_Stream2_IRQHandler
                0x0000000008000f50                CAN1_RX0_IRQHandler
                0x0000000008000f50                FPU_IRQHandler
                0x0000000008000f50                OTG_HS_WKUP_IRQHandler
                0x0000000008000f50                CAN2_SCE_IRQHandler
                0x0000000008000f50                DMA2_Stream2_IRQHandler
                0x0000000008000f50                SPI1_IRQHandler
                0x0000000008000f50                TIM6_DAC_IRQHandler
                0x0000000008000f50                TIM1_BRK_TIM9_IRQHandler
                0x0000000008000f50                DCMI_IRQHandler
                0x0000000008000f50                CAN2_RX0_IRQHandler
                0x0000000008000f50                DMA2_Stream3_IRQHandler
                0x0000000008000f50                USART6_IRQHandler
                0x0000000008000f50                USART3_IRQHandler
                0x0000000008000f50                CAN1_RX1_IRQHandler
                0x0000000008000f50                UART5_IRQHandler
                0x0000000008000f50                DMA2_Stream0_IRQHandler
                0x0000000008000f50                TIM4_IRQHandler
                0x0000000008000f50                I2C1_EV_IRQHandler
                0x0000000008000f50                DMA1_Stream6_IRQHandler
                0x0000000008000f50                DMA1_Stream1_IRQHandler
                0x0000000008000f50                UART4_IRQHandler
                0x0000000008000f50                TIM3_IRQHandler
                0x0000000008000f50                RCC_IRQHandler
                0x0000000008000f50                TIM8_BRK_TIM12_IRQHandler
                0x0000000008000f50                Default_Handler
                0x0000000008000f50                EXTI15_10_IRQHandler
                0x0000000008000f50                ADC_IRQHandler
                0x0000000008000f50                DMA1_Stream7_IRQHandler
                0x0000000008000f50                TIM7_IRQHandler
                0x0000000008000f50                CAN2_TX_IRQHandler
                0x0000000008000f50                TIM5_IRQHandler
                0x0000000008000f50                DMA2_Stream7_IRQHandler
                0x0000000008000f50                I2C3_EV_IRQHandler
                0x0000000008000f50                EXTI9_5_IRQHandler
                0x0000000008000f50                RTC_WKUP_IRQHandler
                0x0000000008000f50                ETH_WKUP_IRQHandler
                0x0000000008000f50                SPI2_IRQHandler
                0x0000000008000f50                OTG_HS_EP1_IN_IRQHandler
                0x0000000008000f50                DMA1_Stream0_IRQHandler
                0x0000000008000f50                CAN1_TX_IRQHandler
                0x0000000008000f50                EXTI4_IRQHandler
                0x0000000008000f50                FSMC_IRQHandler
                0x0000000008000f50                ETH_IRQHandler
                0x0000000008000f50                OTG_HS_EP1_OUT_IRQHandler
                0x0000000008000f50                WWDG_IRQHandler
                0x0000000008000f50                OTG_FS_WKUP_IRQHandler
                0x0000000008000f50                TIM1_TRG_COM_TIM11_IRQHandler
                0x0000000008000f50                OTG_HS_IRQHandler
                0x0000000008000f50                EXTI1_IRQHandler
                0x0000000008000f50                USART2_IRQHandler
                0x0000000008000f50                I2C2_ER_IRQHandler
                0x0000000008000f50                DMA2_Stream1_IRQHandler
                0x0000000008000f50                CAN1_SCE_IRQHandler
                0x0000000008000f50                FLASH_IRQHandler
                0x0000000008000f50                DMA2_Stream4_IRQHandler
                0x0000000008000f50                USART1_IRQHandler
                0x0000000008000f50                SPI3_IRQHandler
                0x0000000008000f50                DMA1_Stream4_IRQHandler
                0x0000000008000f50                I2C1_ER_IRQHandler
                0x0000000008000f50                DMA2_Stream6_IRQHandler
                0x0000000008000f50                DMA1_Stream3_IRQHandler
 *fill*         0x0000000008000f52        0x2 
 .text.HAL_Init
                0x0000000008000f54       0x44 Drivers/STM32F4xx_HAL_Driver/Src/stm32f4xx_hal.o
                0x0000000008000f54                HAL_Init
 .text.HAL_InitTick
                0x0000000008000f98       0x60 Drivers/STM32F4xx_HAL_Driver/Src/stm32f4xx_hal.o
                0x0000000008000f98                HAL_InitTick
 .text.HAL_IncTick
                0x0000000008000ff8       0x28 Drivers/STM32F4xx_HAL_Driver/Src/stm32f4xx_hal.o
                0x0000000008000ff8                HAL_IncTick
 .text.HAL_GetTick
                0x0000000008001020       0x18 Drivers/STM32F4xx_HAL_Driver/Src/stm32f4xx_hal.o
                0x0000000008001020                HAL_GetTick
 .text.HAL_Delay
                0x0000000008001038       0x44 Drivers/STM32F4xx_HAL_Driver/Src/stm32f4xx_hal.o
                0x0000000008001038                HAL_Delay
 .text.__NVIC_SetPriorityGrouping
                0x000000000800107c       0x48 Drivers/STM32F4xx_HAL_Driver/Src/stm32f4xx_hal_cortex.o
 .text.__NVIC_GetPriorityGrouping
                0x00000000080010c4       0x1c Drivers/STM32F4xx_HAL_Driver/Src/stm32f4xx_hal_cortex.o
 .text.__NVIC_EnableIRQ
                0x00000000080010e0       0x3c Drivers/STM32F4xx_HAL_Driver/Src/stm32f4xx_hal_cortex.o
 .text.__NVIC_SetPriority
                0x000000000800111c       0x54 Drivers/STM32F4xx_HAL_Driver/Src/stm32f4xx_hal_cortex.o
 .text.NVIC_EncodePriority
                0x0000000008001170       0x66 Drivers/STM32F4xx_HAL_Driver/Src/stm32f4xx_hal_cortex.o
 *fill*         0x00000000080011d6        0x2 
 .text.SysTick_Config
                0x00000000080011d8       0x44 Drivers/STM32F4xx_HAL_Driver/Src/stm32f4xx_hal_cortex.o
 .text.HAL_NVIC_SetPriorityGrouping
                0x000000000800121c       0x16 Drivers/STM32F4xx_HAL_Driver/Src/stm32f4xx_hal_cortex.o
                0x000000000800121c                HAL_NVIC_SetPriorityGrouping
 .text.HAL_NVIC_SetPriority
                0x0000000008001232       0x38 Drivers/STM32F4xx_HAL_Driver/Src/stm32f4xx_hal_cortex.o
                0x0000000008001232                HAL_NVIC_SetPriority
 .text.HAL_NVIC_EnableIRQ
                0x000000000800126a       0x1c Drivers/STM32F4xx_HAL_Driver/Src/stm32f4xx_hal_cortex.o
                0x000000000800126a                HAL_NVIC_EnableIRQ
 .text.HAL_SYSTICK_Config
                0x0000000008001286       0x18 Drivers/STM32F4xx_HAL_Driver/Src/stm32f4xx_hal_cortex.o
                0x0000000008001286                HAL_SYSTICK_Config
 *fill*         0x000000000800129e        0x2 
 .text.HAL_GPIO_Init
                0x00000000080012a0      0x334 Drivers/STM32F4xx_HAL_Driver/Src/stm32f4xx_hal_gpio.o
                0x00000000080012a0                HAL_GPIO_Init
 .text.HAL_GPIO_WritePin
                0x00000000080015d4       0x32 Drivers/STM32F4xx_HAL_Driver/Src/stm32f4xx_hal_gpio.o
                0x00000000080015d4                HAL_GPIO_WritePin
 .text.HAL_HCD_Init
                0x0000000008001606       0xc4 Drivers/STM32F4xx_HAL_Driver/Src/stm32f4xx_hal_hcd.o
                0x0000000008001606                HAL_HCD_Init
 .text.HAL_HCD_HC_Init
                0x00000000080016ca      0x130 Drivers/STM32F4xx_HAL_Driver/Src/stm32f4xx_hal_hcd.o
                0x00000000080016ca                HAL_HCD_HC_Init
 .text.HAL_HCD_HC_Halt
                0x00000000080017fa       0x46 Drivers/STM32F4xx_HAL_Driver/Src/stm32f4xx_hal_hcd.o
                0x00000000080017fa                HAL_HCD_HC_Halt
 .text.HAL_HCD_HC_SubmitRequest
                0x0000000008001840      0x2e4 Drivers/STM32F4xx_HAL_Driver/Src/stm32f4xx_hal_hcd.o
                0x0000000008001840                HAL_HCD_HC_SubmitRequest
 .text.HAL_HCD_IRQHandler
                0x0000000008001b24      0x208 Drivers/STM32F4xx_HAL_Driver/Src/stm32f4xx_hal_hcd.o
                0x0000000008001b24                HAL_HCD_IRQHandler
 .text.HAL_HCD_Start
                0x0000000008001d2c       0x46 Drivers/STM32F4xx_HAL_Driver/Src/stm32f4xx_hal_hcd.o
                0x0000000008001d2c                HAL_HCD_Start
 .text.HAL_HCD_Stop
                0x0000000008001d72       0x3a Drivers/STM32F4xx_HAL_Driver/Src/stm32f4xx_hal_hcd.o
                0x0000000008001d72                HAL_HCD_Stop
 .text.HAL_HCD_HC_GetURBState
                0x0000000008001dac       0x2a Drivers/STM32F4xx_HAL_Driver/Src/stm32f4xx_hal_hcd.o
                0x0000000008001dac                HAL_HCD_HC_GetURBState
 .text.HAL_HCD_HC_GetXferCount
                0x0000000008001dd6       0x2a Drivers/STM32F4xx_HAL_Driver/Src/stm32f4xx_hal_hcd.o
                0x0000000008001dd6                HAL_HCD_HC_GetXferCount
 .text.HAL_HCD_GetCurrentFrame
                0x0000000008001e00       0x1c Drivers/STM32F4xx_HAL_Driver/Src/stm32f4xx_hal_hcd.o
                0x0000000008001e00                HAL_HCD_GetCurrentFrame
 .text.HCD_HC_IN_IRQHandler
                0x0000000008001e1c      0x86a Drivers/STM32F4xx_HAL_Driver/Src/stm32f4xx_hal_hcd.o
 .text.HCD_HC_OUT_IRQHandler
                0x0000000008002686      0x6ea Drivers/STM32F4xx_HAL_Driver/Src/stm32f4xx_hal_hcd.o
 .text.HCD_RXQLVL_IRQHandler
                0x0000000008002d70      0x158 Drivers/STM32F4xx_HAL_Driver/Src/stm32f4xx_hal_hcd.o
 .text.HCD_Port_IRQHandler
                0x0000000008002ec8       0xe6 Drivers/STM32F4xx_HAL_Driver/Src/stm32f4xx_hal_hcd.o
 *fill*         0x0000000008002fae        0x2 
 .text.HAL_I2C_Init
                0x0000000008002fb0      0x270 Drivers/STM32F4xx_HAL_Driver/Src/stm32f4xx_hal_i2c.o
                0x0000000008002fb0                HAL_I2C_Init
 .text.HAL_I2S_Init
                0x0000000008003220      0x280 Drivers/STM32F4xx_HAL_Driver/Src/stm32f4xx_hal_i2s.o
                0x0000000008003220                HAL_I2S_Init
 .text.HAL_I2S_TxCpltCallback
                0x00000000080034a0       0x14 Drivers/STM32F4xx_HAL_Driver/Src/stm32f4xx_hal_i2s.o
                0x00000000080034a0                HAL_I2S_TxCpltCallback
 .text.HAL_I2S_RxCpltCallback
                0x00000000080034b4       0x14 Drivers/STM32F4xx_HAL_Driver/Src/stm32f4xx_hal_i2s.o
                0x00000000080034b4                HAL_I2S_RxCpltCallback
 .text.HAL_I2S_ErrorCallback
                0x00000000080034c8       0x14 Drivers/STM32F4xx_HAL_Driver/Src/stm32f4xx_hal_i2s.o
                0x00000000080034c8                HAL_I2S_ErrorCallback
 .text.I2S_Transmit_IT
                0x00000000080034dc       0x5c Drivers/STM32F4xx_HAL_Driver/Src/stm32f4xx_hal_i2s.o
 .text.I2S_Receive_IT
                0x0000000008003538       0x5e Drivers/STM32F4xx_HAL_Driver/Src/stm32f4xx_hal_i2s.o
 .text.I2S_IRQHandler
                0x0000000008003596      0x114 Drivers/STM32F4xx_HAL_Driver/Src/stm32f4xx_hal_i2s.o
 *fill*         0x00000000080036aa        0x2 
 .text.HAL_I2SEx_FullDuplex_IRQHandler
                0x00000000080036ac      0x2a8 Drivers/STM32F4xx_HAL_Driver/Src/stm32f4xx_hal_i2s_ex.o
                0x00000000080036ac                HAL_I2SEx_FullDuplex_IRQHandler
 .text.HAL_I2SEx_TxRxCpltCallback
                0x0000000008003954       0x14 Drivers/STM32F4xx_HAL_Driver/Src/stm32f4xx_hal_i2s_ex.o
                0x0000000008003954                HAL_I2SEx_TxRxCpltCallback
 .text.I2SEx_TxISR_I2S
                0x0000000008003968       0x62 Drivers/STM32F4xx_HAL_Driver/Src/stm32f4xx_hal_i2s_ex.o
 *fill*         0x00000000080039ca        0x2 
 .text.I2SEx_TxISR_I2SExt
                0x00000000080039cc       0x98 Drivers/STM32F4xx_HAL_Driver/Src/stm32f4xx_hal_i2s_ex.o
 .text.I2SEx_RxISR_I2S
                0x0000000008003a64       0x64 Drivers/STM32F4xx_HAL_Driver/Src/stm32f4xx_hal_i2s_ex.o
 .text.I2SEx_RxISR_I2SExt
                0x0000000008003ac8       0x98 Drivers/STM32F4xx_HAL_Driver/Src/stm32f4xx_hal_i2s_ex.o
 .text.HAL_RCC_OscConfig
                0x0000000008003b60      0x4e0 Drivers/STM32F4xx_HAL_Driver/Src/stm32f4xx_hal_rcc.o
                0x0000000008003b60                HAL_RCC_OscConfig
 .text.HAL_RCC_ClockConfig
                0x0000000008004040      0x1cc Drivers/STM32F4xx_HAL_Driver/Src/stm32f4xx_hal_rcc.o
                0x0000000008004040                HAL_RCC_ClockConfig
 .text.HAL_RCC_GetSysClockFreq
                0x000000000800420c      0x1b0 Drivers/STM32F4xx_HAL_Driver/Src/stm32f4xx_hal_rcc.o
                0x000000000800420c                HAL_RCC_GetSysClockFreq
 .text.HAL_RCC_GetHCLKFreq
                0x00000000080043bc       0x18 Drivers/STM32F4xx_HAL_Driver/Src/stm32f4xx_hal_rcc.o
                0x00000000080043bc                HAL_RCC_GetHCLKFreq
 .text.HAL_RCC_GetPCLK1Freq
                0x00000000080043d4       0x28 Drivers/STM32F4xx_HAL_Driver/Src/stm32f4xx_hal_rcc.o
                0x00000000080043d4                HAL_RCC_GetPCLK1Freq
 .text.HAL_RCCEx_PeriphCLKConfig
                0x00000000080043fc      0x1c4 Drivers/STM32F4xx_HAL_Driver/Src/stm32f4xx_hal_rcc_ex.o
                0x00000000080043fc                HAL_RCCEx_PeriphCLKConfig
 .text.HAL_RCCEx_GetPeriphCLKFreq
                0x00000000080045c0       0xb8 Drivers/STM32F4xx_HAL_Driver/Src/stm32f4xx_hal_rcc_ex.o
                0x00000000080045c0                HAL_RCCEx_GetPeriphCLKFreq
 .text.HAL_SPI_Init
                0x0000000008004678       0xc8 Drivers/STM32F4xx_HAL_Driver/Src/stm32f4xx_hal_spi.o
                0x0000000008004678                HAL_SPI_Init
 .text.HAL_TIM_PWM_Init
                0x0000000008004740       0x56 Drivers/STM32F4xx_HAL_Driver/Src/stm32f4xx_hal_tim.o
                0x0000000008004740                HAL_TIM_PWM_Init
 *fill*         0x0000000008004796        0x2 
 .text.HAL_TIM_PWM_Start_IT
                0x0000000008004798      0x108 Drivers/STM32F4xx_HAL_Driver/Src/stm32f4xx_hal_tim.o
                0x0000000008004798                HAL_TIM_PWM_Start_IT
 .text.HAL_TIM_PWM_Stop_IT
                0x00000000080048a0      0x134 Drivers/STM32F4xx_HAL_Driver/Src/stm32f4xx_hal_tim.o
                0x00000000080048a0                HAL_TIM_PWM_Stop_IT
 .text.HAL_TIM_IRQHandler
                0x00000000080049d4      0x210 Drivers/STM32F4xx_HAL_Driver/Src/stm32f4xx_hal_tim.o
                0x00000000080049d4                HAL_TIM_IRQHandler
 .text.HAL_TIM_PWM_ConfigChannel
                0x0000000008004be4      0x18c Drivers/STM32F4xx_HAL_Driver/Src/stm32f4xx_hal_tim.o
                0x0000000008004be4                HAL_TIM_PWM_ConfigChannel
 .text.HAL_TIM_PeriodElapsedCallback
                0x0000000008004d70       0x14 Drivers/STM32F4xx_HAL_Driver/Src/stm32f4xx_hal_tim.o
                0x0000000008004d70                HAL_TIM_PeriodElapsedCallback
 .text.HAL_TIM_OC_DelayElapsedCallback
                0x0000000008004d84       0x14 Drivers/STM32F4xx_HAL_Driver/Src/stm32f4xx_hal_tim.o
                0x0000000008004d84                HAL_TIM_OC_DelayElapsedCallback
 .text.HAL_TIM_IC_CaptureCallback
                0x0000000008004d98       0x14 Drivers/STM32F4xx_HAL_Driver/Src/stm32f4xx_hal_tim.o
                0x0000000008004d98                HAL_TIM_IC_CaptureCallback
 .text.HAL_TIM_TriggerCallback
                0x0000000008004dac       0x14 Drivers/STM32F4xx_HAL_Driver/Src/stm32f4xx_hal_tim.o
                0x0000000008004dac                HAL_TIM_TriggerCallback
 .text.TIM_Base_SetConfig
                0x0000000008004dc0      0x140 Drivers/STM32F4xx_HAL_Driver/Src/stm32f4xx_hal_tim.o
                0x0000000008004dc0                TIM_Base_SetConfig
 .text.TIM_OC1_SetConfig
                0x0000000008004f00       0xe0 Drivers/STM32F4xx_HAL_Driver/Src/stm32f4xx_hal_tim.o
 .text.TIM_OC2_SetConfig
                0x0000000008004fe0       0xec Drivers/STM32F4xx_HAL_Driver/Src/stm32f4xx_hal_tim.o
                0x0000000008004fe0                TIM_OC2_SetConfig
 .text.TIM_OC3_SetConfig
                0x00000000080050cc       0xe8 Drivers/STM32F4xx_HAL_Driver/Src/stm32f4xx_hal_tim.o
 .text.TIM_OC4_SetConfig
                0x00000000080051b4       0xac Drivers/STM32F4xx_HAL_Driver/Src/stm32f4xx_hal_tim.o
 .text.TIM_CCxChannelCmd
                0x0000000008005260       0x4a Drivers/STM32F4xx_HAL_Driver/Src/stm32f4xx_hal_tim.o
                0x0000000008005260                TIM_CCxChannelCmd
 *fill*         0x00000000080052aa        0x2 
 .text.HAL_TIMEx_MasterConfigSynchronization
                0x00000000080052ac       0xf8 Drivers/STM32F4xx_HAL_Driver/Src/stm32f4xx_hal_tim_ex.o
                0x00000000080052ac                HAL_TIMEx_MasterConfigSynchronization
 .text.HAL_TIMEx_CommutCallback
                0x00000000080053a4       0x14 Drivers/STM32F4xx_HAL_Driver/Src/stm32f4xx_hal_tim_ex.o
                0x00000000080053a4                HAL_TIMEx_CommutCallback
 .text.HAL_TIMEx_BreakCallback
                0x00000000080053b8       0x14 Drivers/STM32F4xx_HAL_Driver/Src/stm32f4xx_hal_tim_ex.o
                0x00000000080053b8                HAL_TIMEx_BreakCallback
 .text.USB_CoreInit
                0x00000000080053cc       0xc2 Drivers/STM32F4xx_HAL_Driver/Src/stm32f4xx_ll_usb.o
                0x00000000080053cc                USB_CoreInit
 .text.USB_EnableGlobalInt
                0x000000000800548e       0x22 Drivers/STM32F4xx_HAL_Driver/Src/stm32f4xx_ll_usb.o
                0x000000000800548e                USB_EnableGlobalInt
 .text.USB_DisableGlobalInt
                0x00000000080054b0       0x22 Drivers/STM32F4xx_HAL_Driver/Src/stm32f4xx_ll_usb.o
                0x00000000080054b0                USB_DisableGlobalInt
 .text.USB_SetCurrentMode
                0x00000000080054d2       0x54 Drivers/STM32F4xx_HAL_Driver/Src/stm32f4xx_ll_usb.o
                0x00000000080054d2                USB_SetCurrentMode
 *fill*         0x0000000008005526        0x2 
 .text.USB_FlushTxFifo
                0x0000000008005528       0x4c Drivers/STM32F4xx_HAL_Driver/Src/stm32f4xx_ll_usb.o
                0x0000000008005528                USB_FlushTxFifo
 .text.USB_FlushRxFifo
                0x0000000008005574       0x44 Drivers/STM32F4xx_HAL_Driver/Src/stm32f4xx_ll_usb.o
                0x0000000008005574                USB_FlushRxFifo
 .text.USB_WritePacket
                0x00000000080055b8       0x6a Drivers/STM32F4xx_HAL_Driver/Src/stm32f4xx_ll_usb.o
                0x00000000080055b8                USB_WritePacket
 .text.USB_ReadPacket
                0x0000000008005622       0x52 Drivers/STM32F4xx_HAL_Driver/Src/stm32f4xx_ll_usb.o
                0x0000000008005622                USB_ReadPacket
 .text.USB_ReadInterrupts
                0x0000000008005674       0x26 Drivers/STM32F4xx_HAL_Driver/Src/stm32f4xx_ll_usb.o
                0x0000000008005674                USB_ReadInterrupts
 .text.USB_GetMode
                0x000000000800569a       0x1c Drivers/STM32F4xx_HAL_Driver/Src/stm32f4xx_ll_usb.o
                0x000000000800569a                USB_GetMode
 *fill*         0x00000000080056b6        0x2 
 .text.USB_CoreReset
                0x00000000080056b8       0x68 Drivers/STM32F4xx_HAL_Driver/Src/stm32f4xx_ll_usb.o
 .text.USB_HostInit
                0x0000000008005720      0x178 Drivers/STM32F4xx_HAL_Driver/Src/stm32f4xx_ll_usb.o
                0x0000000008005720                USB_HostInit
 .text.USB_InitFSLSPClkSel
                0x0000000008005898       0x74 Drivers/STM32F4xx_HAL_Driver/Src/stm32f4xx_ll_usb.o
                0x0000000008005898                USB_InitFSLSPClkSel
 .text.USB_DriveVbus
                0x000000000800590c       0x72 Drivers/STM32F4xx_HAL_Driver/Src/stm32f4xx_ll_usb.o
                0x000000000800590c                USB_DriveVbus
 .text.USB_GetCurrentFrame
                0x000000000800597e       0x22 Drivers/STM32F4xx_HAL_Driver/Src/stm32f4xx_ll_usb.o
                0x000000000800597e                USB_GetCurrentFrame
 .text.USB_HC_Init
                0x00000000080059a0      0x214 Drivers/STM32F4xx_HAL_Driver/Src/stm32f4xx_ll_usb.o
                0x00000000080059a0                USB_HC_Init
 .text.USB_HC_StartXfer
                0x0000000008005bb4      0x28c Drivers/STM32F4xx_HAL_Driver/Src/stm32f4xx_ll_usb.o
                0x0000000008005bb4                USB_HC_StartXfer
 .text.USB_HC_ReadInterrupt
                0x0000000008005e40       0x22 Drivers/STM32F4xx_HAL_Driver/Src/stm32f4xx_ll_usb.o
                0x0000000008005e40                USB_HC_ReadInterrupt
 .text.USB_HC_Halt
                0x0000000008005e62      0x1fe Drivers/STM32F4xx_HAL_Driver/Src/stm32f4xx_ll_usb.o
                0x0000000008005e62                USB_HC_Halt
 .text.USB_DoPing
                0x0000000008006060       0x78 Drivers/STM32F4xx_HAL_Driver/Src/stm32f4xx_ll_usb.o
                0x0000000008006060                USB_DoPing
 .text.USB_StopHost
                0x00000000080060d8      0x10c Drivers/STM32F4xx_HAL_Driver/Src/stm32f4xx_ll_usb.o
                0x00000000080060d8                USB_StopHost
 .text.USBH_CDC_InterfaceInit
                0x00000000080061e4      0x2ac Middlewares/ST/STM32_USB_Host_Library/Class/CDC/Src/usbh_cdc.o
 .text.USBH_CDC_InterfaceDeInit
                0x0000000008006490       0xb2 Middlewares/ST/STM32_USB_Host_Library/Class/CDC/Src/usbh_cdc.o
 .text.USBH_CDC_ClassRequest
                0x0000000008006542       0x3e Middlewares/ST/STM32_USB_Host_Library/Class/CDC/Src/usbh_cdc.o
 .text.USBH_CDC_Process
                0x0000000008006580      0x12c Middlewares/ST/STM32_USB_Host_Library/Class/CDC/Src/usbh_cdc.o
 .text.USBH_CDC_SOFProcess
                0x00000000080066ac       0x16 Middlewares/ST/STM32_USB_Host_Library/Class/CDC/Src/usbh_cdc.o
 .text.GetLineCoding
                0x00000000080066c2       0x3e Middlewares/ST/STM32_USB_Host_Library/Class/CDC/Src/usbh_cdc.o
 .text.SetLineCoding
                0x0000000008006700       0x3e Middlewares/ST/STM32_USB_Host_Library/Class/CDC/Src/usbh_cdc.o
 .text.CDC_ProcessTransmission
                0x000000000800673e       0xf0 Middlewares/ST/STM32_USB_Host_Library/Class/CDC/Src/usbh_cdc.o
 .text.CDC_ProcessReception
                0x000000000800682e       0xb6 Middlewares/ST/STM32_USB_Host_Library/Class/CDC/Src/usbh_cdc.o
 .text.USBH_CDC_TransmitCallback
                0x00000000080068e4       0x14 Middlewares/ST/STM32_USB_Host_Library/Class/CDC/Src/usbh_cdc.o
                0x00000000080068e4                USBH_CDC_TransmitCallback
 .text.USBH_CDC_ReceiveCallback
                0x00000000080068f8       0x14 Middlewares/ST/STM32_USB_Host_Library/Class/CDC/Src/usbh_cdc.o
                0x00000000080068f8                USBH_CDC_ReceiveCallback
 .text.USBH_CDC_LineCodingChanged
                0x000000000800690c       0x14 Middlewares/ST/STM32_USB_Host_Library/Class/CDC/Src/usbh_cdc.o
                0x000000000800690c                USBH_CDC_LineCodingChanged
 .text.USBH_Init
                0x0000000008006920       0x74 Middlewares/ST/STM32_USB_Host_Library/Core/Src/usbh_core.o
                0x0000000008006920                USBH_Init
 .text.DeInitStateMachine
                0x0000000008006994       0xa8 Middlewares/ST/STM32_USB_Host_Library/Core/Src/usbh_core.o
 .text.USBH_RegisterClass
                0x0000000008006a3c       0x54 Middlewares/ST/STM32_USB_Host_Library/Core/Src/usbh_core.o
                0x0000000008006a3c                USBH_RegisterClass
 .text.USBH_SelectInterface
                0x0000000008006a90       0x38 Middlewares/ST/STM32_USB_Host_Library/Core/Src/usbh_core.o
                0x0000000008006a90                USBH_SelectInterface
 .text.USBH_FindInterface
                0x0000000008006ac8       0x8c Middlewares/ST/STM32_USB_Host_Library/Core/Src/usbh_core.o
                0x0000000008006ac8                USBH_FindInterface
 .text.USBH_Start
                0x0000000008006b54       0x20 Middlewares/ST/STM32_USB_Host_Library/Core/Src/usbh_core.o
                0x0000000008006b54                USBH_Start
 .text.USBH_LL_SetTimer
                0x0000000008006b74       0x1e Middlewares/ST/STM32_USB_Host_Library/Core/Src/usbh_core.o
                0x0000000008006b74                USBH_LL_SetTimer
 .text.USBH_LL_IncTimer
                0x0000000008006b92       0x24 Middlewares/ST/STM32_USB_Host_Library/Core/Src/usbh_core.o
                0x0000000008006b92                USBH_LL_IncTimer
 .text.USBH_HandleSof
                0x0000000008006bb6       0x30 Middlewares/ST/STM32_USB_Host_Library/Core/Src/usbh_core.o
 .text.USBH_LL_PortEnabled
                0x0000000008006be6       0x1c Middlewares/ST/STM32_USB_Host_Library/Core/Src/usbh_core.o
                0x0000000008006be6                USBH_LL_PortEnabled
 .text.USBH_LL_PortDisabled
                0x0000000008006c02       0x1c Middlewares/ST/STM32_USB_Host_Library/Core/Src/usbh_core.o
                0x0000000008006c02                USBH_LL_PortDisabled
 .text.USBH_LL_Connect
                0x0000000008006c1e       0x2e Middlewares/ST/STM32_USB_Host_Library/Core/Src/usbh_core.o
                0x0000000008006c1e                USBH_LL_Connect
 .text.USBH_LL_Disconnect
                0x0000000008006c4c       0x48 Middlewares/ST/STM32_USB_Host_Library/Core/Src/usbh_core.o
                0x0000000008006c4c                USBH_LL_Disconnect
 .text.USBH_ClrFeature
                0x0000000008006c94       0x48 Middlewares/ST/STM32_USB_Host_Library/Core/Src/usbh_ctlreq.o
                0x0000000008006c94                USBH_ClrFeature
 .text.USBH_CtlReq
                0x0000000008006cdc       0x7a Middlewares/ST/STM32_USB_Host_Library/Core/Src/usbh_ctlreq.o
                0x0000000008006cdc                USBH_CtlReq
 *fill*         0x0000000008006d56        0x2 
 .text.USBH_HandleControl
                0x0000000008006d58      0x2ec Middlewares/ST/STM32_USB_Host_Library/Core/Src/usbh_ctlreq.o
 .text.USBH_CtlSendSetup
                0x0000000008007044       0x34 Middlewares/ST/STM32_USB_Host_Library/Core/Src/usbh_ioreq.o
                0x0000000008007044                USBH_CtlSendSetup
 .text.USBH_CtlSendData
                0x0000000008007078       0x4a Middlewares/ST/STM32_USB_Host_Library/Core/Src/usbh_ioreq.o
                0x0000000008007078                USBH_CtlSendData
 .text.USBH_CtlReceiveData
                0x00000000080070c2       0x3c Middlewares/ST/STM32_USB_Host_Library/Core/Src/usbh_ioreq.o
                0x00000000080070c2                USBH_CtlReceiveData
 .text.USBH_BulkSendData
                0x00000000080070fe       0x4a Middlewares/ST/STM32_USB_Host_Library/Core/Src/usbh_ioreq.o
                0x00000000080070fe                USBH_BulkSendData
 .text.USBH_BulkReceiveData
                0x0000000008007148       0x3c Middlewares/ST/STM32_USB_Host_Library/Core/Src/usbh_ioreq.o
                0x0000000008007148                USBH_BulkReceiveData
 .text.USBH_OpenPipe
                0x0000000008007184       0x3e Middlewares/ST/STM32_USB_Host_Library/Core/Src/usbh_pipes.o
                0x0000000008007184                USBH_OpenPipe
 .text.USBH_ClosePipe
                0x00000000080071c2       0x20 Middlewares/ST/STM32_USB_Host_Library/Core/Src/usbh_pipes.o
                0x00000000080071c2                USBH_ClosePipe
 .text.USBH_AllocPipe
                0x00000000080071e2       0x42 Middlewares/ST/STM32_USB_Host_Library/Core/Src/usbh_pipes.o
                0x00000000080071e2                USBH_AllocPipe
 .text.USBH_FreePipe
                0x0000000008007224       0x3c Middlewares/ST/STM32_USB_Host_Library/Core/Src/usbh_pipes.o
                0x0000000008007224                USBH_FreePipe
 .text.USBH_GetFreePipe
                0x0000000008007260       0x48 Middlewares/ST/STM32_USB_Host_Library/Core/Src/usbh_pipes.o
 .text.MX_USB_HOST_Init
                0x00000000080072a8       0x4c USB_HOST/App/usb_host.o
                0x00000000080072a8                MX_USB_HOST_Init
 .text.USBH_UserProcess
                0x00000000080072f4       0x5c USB_HOST/App/usb_host.o
 .text.HAL_HCD_MspInit
                0x0000000008007350       0xc4 USB_HOST/Target/usbh_conf.o
                0x0000000008007350                HAL_HCD_MspInit
 .text.HAL_HCD_SOF_Callback
                0x0000000008007414       0x1c USB_HOST/Target/usbh_conf.o
                0x0000000008007414                HAL_HCD_SOF_Callback
 .text.HAL_HCD_Connect_Callback
                0x0000000008007430       0x1c USB_HOST/Target/usbh_conf.o
                0x0000000008007430                HAL_HCD_Connect_Callback
 .text.HAL_HCD_Disconnect_Callback
                0x000000000800744c       0x1c USB_HOST/Target/usbh_conf.o
                0x000000000800744c                HAL_HCD_Disconnect_Callback
 .text.HAL_HCD_HC_NotifyURBChange_Callback
                0x0000000008007468       0x1c USB_HOST/Target/usbh_conf.o
                0x0000000008007468                HAL_HCD_HC_NotifyURBChange_Callback
 .text.HAL_HCD_PortEnabled_Callback
                0x0000000008007484       0x1c USB_HOST/Target/usbh_conf.o
                0x0000000008007484                HAL_HCD_PortEnabled_Callback
 .text.HAL_HCD_PortDisabled_Callback
                0x00000000080074a0       0x1c USB_HOST/Target/usbh_conf.o
                0x00000000080074a0                HAL_HCD_PortDisabled_Callback
 .text.USBH_LL_Init
                0x00000000080074bc       0x78 USB_HOST/Target/usbh_conf.o
                0x00000000080074bc                USBH_LL_Init
 .text.USBH_LL_Start
                0x0000000008007534       0x36 USB_HOST/Target/usbh_conf.o
                0x0000000008007534                USBH_LL_Start
 .text.USBH_LL_Stop
                0x000000000800756a       0x36 USB_HOST/Target/usbh_conf.o
                0x000000000800756a                USBH_LL_Stop
 .text.USBH_LL_GetLastXferSize
                0x00000000080075a0       0x26 USB_HOST/Target/usbh_conf.o
                0x00000000080075a0                USBH_LL_GetLastXferSize
 .text.USBH_LL_OpenPipe
                0x00000000080075c6       0x5e USB_HOST/Target/usbh_conf.o
                0x00000000080075c6                USBH_LL_OpenPipe
 .text.USBH_LL_ClosePipe
                0x0000000008007624       0x3e USB_HOST/Target/usbh_conf.o
                0x0000000008007624                USBH_LL_ClosePipe
 .text.USBH_LL_SubmitURB
                0x0000000008007662       0x62 USB_HOST/Target/usbh_conf.o
                0x0000000008007662                USBH_LL_SubmitURB
 .text.USBH_LL_GetURBState
                0x00000000080076c4       0x26 USB_HOST/Target/usbh_conf.o
                0x00000000080076c4                USBH_LL_GetURBState
 .text.USBH_LL_DriverVBUS
                0x00000000080076ea       0x2e USB_HOST/Target/usbh_conf.o
                0x00000000080076ea                USBH_LL_DriverVBUS
 .text.USBH_LL_SetToggle
                0x0000000008007718       0x66 USB_HOST/Target/usbh_conf.o
                0x0000000008007718                USBH_LL_SetToggle
 *fill*         0x000000000800777e        0x2 
 .text.USBH_Get_USB_Status
                0x0000000008007780       0x58 USB_HOST/Target/usbh_conf.o
                0x0000000008007780                USBH_Get_USB_Status
 .text.MX_DriverVbusFS
                0x00000000080077d8       0x38 USB_HOST/Target/usbh_platform.o
                0x00000000080077d8                MX_DriverVbusFS
 .text.__errno  0x0000000008007810        0xc c:/st/stm32cubeide_1.0.2/stm32cubeide/plugins/com.st.stm32cube.ide.mcu.externaltools.gnu-tools-for-stm32.7-2018-q2-update.win32_1.5.0.202011040924/tools/bin/../lib/gcc/arm-none-eabi/7.3.1/../../../../arm-none-eabi/lib/thumb/v7e-m/fpv4-sp/hard\libc_nano.a(lib_a-errno.o)
                0x0000000008007810                __errno
 .text.__libc_init_array
                0x000000000800781c       0x48 c:/st/stm32cubeide_1.0.2/stm32cubeide/plugins/com.st.stm32cube.ide.mcu.externaltools.gnu-tools-for-stm32.7-2018-q2-update.win32_1.5.0.202011040924/tools/bin/../lib/gcc/arm-none-eabi/7.3.1/../../../../arm-none-eabi/lib/thumb/v7e-m/fpv4-sp/hard\libc_nano.a(lib_a-init.o)
                0x000000000800781c                __libc_init_array
 .text.malloc   0x0000000008007864       0x10 c:/st/stm32cubeide_1.0.2/stm32cubeide/plugins/com.st.stm32cube.ide.mcu.externaltools.gnu-tools-for-stm32.7-2018-q2-update.win32_1.5.0.202011040924/tools/bin/../lib/gcc/arm-none-eabi/7.3.1/../../../../arm-none-eabi/lib/thumb/v7e-m/fpv4-sp/hard\libc_nano.a(lib_a-malloc.o)
                0x0000000008007864                malloc
 .text.free     0x0000000008007874       0x10 c:/st/stm32cubeide_1.0.2/stm32cubeide/plugins/com.st.stm32cube.ide.mcu.externaltools.gnu-tools-for-stm32.7-2018-q2-update.win32_1.5.0.202011040924/tools/bin/../lib/gcc/arm-none-eabi/7.3.1/../../../../arm-none-eabi/lib/thumb/v7e-m/fpv4-sp/hard\libc_nano.a(lib_a-malloc.o)
                0x0000000008007874                free
 .text.memset   0x0000000008007884       0x10 c:/st/stm32cubeide_1.0.2/stm32cubeide/plugins/com.st.stm32cube.ide.mcu.externaltools.gnu-tools-for-stm32.7-2018-q2-update.win32_1.5.0.202011040924/tools/bin/../lib/gcc/arm-none-eabi/7.3.1/../../../../arm-none-eabi/lib/thumb/v7e-m/fpv4-sp/hard\libc_nano.a(lib_a-memset.o)
                0x0000000008007884                memset
 .text._free_r  0x0000000008007894       0x9c c:/st/stm32cubeide_1.0.2/stm32cubeide/plugins/com.st.stm32cube.ide.mcu.externaltools.gnu-tools-for-stm32.7-2018-q2-update.win32_1.5.0.202011040924/tools/bin/../lib/gcc/arm-none-eabi/7.3.1/../../../../arm-none-eabi/lib/thumb/v7e-m/fpv4-sp/hard\libc_nano.a(lib_a-nano-freer.o)
                0x0000000008007894                _free_r
 .text._malloc_r
                0x0000000008007930       0xb4 c:/st/stm32cubeide_1.0.2/stm32cubeide/plugins/com.st.stm32cube.ide.mcu.externaltools.gnu-tools-for-stm32.7-2018-q2-update.win32_1.5.0.202011040924/tools/bin/../lib/gcc/arm-none-eabi/7.3.1/../../../../arm-none-eabi/lib/thumb/v7e-m/fpv4-sp/hard\libc_nano.a(lib_a-nano-mallocr.o)
                0x0000000008007930                _malloc_r
 .text._sbrk_r  0x00000000080079e4       0x20 c:/st/stm32cubeide_1.0.2/stm32cubeide/plugins/com.st.stm32cube.ide.mcu.externaltools.gnu-tools-for-stm32.7-2018-q2-update.win32_1.5.0.202011040924/tools/bin/../lib/gcc/arm-none-eabi/7.3.1/../../../../arm-none-eabi/lib/thumb/v7e-m/fpv4-sp/hard\libc_nano.a(lib_a-sbrkr.o)
                0x00000000080079e4                _sbrk_r
 .text.__malloc_lock
                0x0000000008007a04        0x2 c:/st/stm32cubeide_1.0.2/stm32cubeide/plugins/com.st.stm32cube.ide.mcu.externaltools.gnu-tools-for-stm32.7-2018-q2-update.win32_1.5.0.202011040924/tools/bin/../lib/gcc/arm-none-eabi/7.3.1/../../../../arm-none-eabi/lib/thumb/v7e-m/fpv4-sp/hard\libc_nano.a(lib_a-mlock.o)
                0x0000000008007a04                __malloc_lock
 .text.__malloc_unlock
                0x0000000008007a06        0x2 c:/st/stm32cubeide_1.0.2/stm32cubeide/plugins/com.st.stm32cube.ide.mcu.externaltools.gnu-tools-for-stm32.7-2018-q2-update.win32_1.5.0.202011040924/tools/bin/../lib/gcc/arm-none-eabi/7.3.1/../../../../arm-none-eabi/lib/thumb/v7e-m/fpv4-sp/hard\libc_nano.a(lib_a-mlock.o)
                0x0000000008007a06                __malloc_unlock
 *(.glue_7)
 .glue_7        0x0000000008007a08        0x0 linker stubs
 *(.glue_7t)
 .glue_7t       0x0000000008007a08        0x0 linker stubs
 *(.eh_frame)
 .eh_frame      0x0000000008007a08        0x0 c:/st/stm32cubeide_1.0.2/stm32cubeide/plugins/com.st.stm32cube.ide.mcu.externaltools.gnu-tools-for-stm32.7-2018-q2-update.win32_1.5.0.202011040924/tools/bin/../lib/gcc/arm-none-eabi/7.3.1/thumb/v7e-m/fpv4-sp/hard/crtbegin.o
 *(.init)
 .init          0x0000000008007a08        0x4 c:/st/stm32cubeide_1.0.2/stm32cubeide/plugins/com.st.stm32cube.ide.mcu.externaltools.gnu-tools-for-stm32.7-2018-q2-update.win32_1.5.0.202011040924/tools/bin/../lib/gcc/arm-none-eabi/7.3.1/thumb/v7e-m/fpv4-sp/hard/crti.o
                0x0000000008007a08                _init
 .init          0x0000000008007a0c        0x8 c:/st/stm32cubeide_1.0.2/stm32cubeide/plugins/com.st.stm32cube.ide.mcu.externaltools.gnu-tools-for-stm32.7-2018-q2-update.win32_1.5.0.202011040924/tools/bin/../lib/gcc/arm-none-eabi/7.3.1/thumb/v7e-m/fpv4-sp/hard/crtn.o
 *(.fini)
 .fini          0x0000000008007a14        0x4 c:/st/stm32cubeide_1.0.2/stm32cubeide/plugins/com.st.stm32cube.ide.mcu.externaltools.gnu-tools-for-stm32.7-2018-q2-update.win32_1.5.0.202011040924/tools/bin/../lib/gcc/arm-none-eabi/7.3.1/thumb/v7e-m/fpv4-sp/hard/crti.o
                0x0000000008007a14                _fini
 .fini          0x0000000008007a18        0x8 c:/st/stm32cubeide_1.0.2/stm32cubeide/plugins/com.st.stm32cube.ide.mcu.externaltools.gnu-tools-for-stm32.7-2018-q2-update.win32_1.5.0.202011040924/tools/bin/../lib/gcc/arm-none-eabi/7.3.1/thumb/v7e-m/fpv4-sp/hard/crtn.o
                0x0000000008007a20                . = ALIGN (0x4)
                0x0000000008007a20                _etext = .

.vfp11_veneer   0x0000000008007a20        0x0
 .vfp11_veneer  0x0000000008007a20        0x0 linker stubs

.v4_bx          0x0000000008007a20        0x0
 .v4_bx         0x0000000008007a20        0x0 linker stubs

.iplt           0x0000000008007a20        0x0
 .iplt          0x0000000008007a20        0x0 c:/st/stm32cubeide_1.0.2/stm32cubeide/plugins/com.st.stm32cube.ide.mcu.externaltools.gnu-tools-for-stm32.7-2018-q2-update.win32_1.5.0.202011040924/tools/bin/../lib/gcc/arm-none-eabi/7.3.1/thumb/v7e-m/fpv4-sp/hard/crtbegin.o

.rodata         0x0000000008007a20    0x39448
                0x0000000008007a20                . = ALIGN (0x4)
 *(.rodata)
 .rodata        0x0000000008007a20        0x4 Middlewares/ST/STM32_USB_Host_Library/Class/CDC/Src/usbh_cdc.o
 *(.rodata*)
 .rodata.sample
                0x0000000008007a24    0x3942c Core/Src/main.o
                0x0000000008007a24                sample
 .rodata.AHBPrescTable
                0x0000000008040e50       0x10 Core/Src/system_stm32f4xx.o
                0x0000000008040e50                AHBPrescTable
 .rodata.APBPrescTable
                0x0000000008040e60        0x8 Core/Src/system_stm32f4xx.o
                0x0000000008040e60                APBPrescTable
                0x0000000008040e68                . = ALIGN (0x4)

.ARM.extab      0x0000000008040e68        0x0
                0x0000000008040e68                . = ALIGN (0x4)
 *(.ARM.extab* .gnu.linkonce.armextab.*)
                0x0000000008040e68                . = ALIGN (0x4)

.ARM            0x0000000008040e68        0x8
                0x0000000008040e68                . = ALIGN (0x4)
                0x0000000008040e68                __exidx_start = .
 *(.ARM.exidx*)
 .ARM.exidx     0x0000000008040e68        0x8 c:/st/stm32cubeide_1.0.2/stm32cubeide/plugins/com.st.stm32cube.ide.mcu.externaltools.gnu-tools-for-stm32.7-2018-q2-update.win32_1.5.0.202011040924/tools/bin/../lib/gcc/arm-none-eabi/7.3.1/thumb/v7e-m/fpv4-sp/hard\libgcc.a(_udivmoddi4.o)
                0x0000000008040e70                __exidx_end = .
                0x0000000008040e70                . = ALIGN (0x4)

.rel.dyn        0x0000000008040e70        0x0
 .rel.iplt      0x0000000008040e70        0x0 c:/st/stm32cubeide_1.0.2/stm32cubeide/plugins/com.st.stm32cube.ide.mcu.externaltools.gnu-tools-for-stm32.7-2018-q2-update.win32_1.5.0.202011040924/tools/bin/../lib/gcc/arm-none-eabi/7.3.1/thumb/v7e-m/fpv4-sp/hard/crtbegin.o

.preinit_array  0x0000000008040e70        0x0
                0x0000000008040e70                . = ALIGN (0x4)
                0x0000000008040e70                PROVIDE (__preinit_array_start = .)
 *(.preinit_array*)
                0x0000000008040e70                PROVIDE (__preinit_array_end = .)
                0x0000000008040e70                . = ALIGN (0x4)

.init_array     0x0000000008040e70        0x4
                0x0000000008040e70                . = ALIGN (0x4)
                0x0000000008040e70                PROVIDE (__init_array_start = .)
 *(SORT_BY_NAME(.init_array.*))
 *(.init_array*)
 .init_array    0x0000000008040e70        0x4 c:/st/stm32cubeide_1.0.2/stm32cubeide/plugins/com.st.stm32cube.ide.mcu.externaltools.gnu-tools-for-stm32.7-2018-q2-update.win32_1.5.0.202011040924/tools/bin/../lib/gcc/arm-none-eabi/7.3.1/thumb/v7e-m/fpv4-sp/hard/crtbegin.o
                0x0000000008040e74                PROVIDE (__init_array_end = .)
                0x0000000008040e74                . = ALIGN (0x4)

.fini_array     0x0000000008040e74        0x4
                0x0000000008040e74                . = ALIGN (0x4)
                [!provide]                        PROVIDE (__fini_array_start = .)
 *(SORT_BY_NAME(.fini_array.*))
 *(.fini_array*)
 .fini_array    0x0000000008040e74        0x4 c:/st/stm32cubeide_1.0.2/stm32cubeide/plugins/com.st.stm32cube.ide.mcu.externaltools.gnu-tools-for-stm32.7-2018-q2-update.win32_1.5.0.202011040924/tools/bin/../lib/gcc/arm-none-eabi/7.3.1/thumb/v7e-m/fpv4-sp/hard/crtbegin.o
                [!provide]                        PROVIDE (__fini_array_end = .)
                0x0000000008040e78                . = ALIGN (0x4)
                0x0000000008040e78                _sidata = LOADADDR (.data)

.data           0x0000000020000000       0x90 load address 0x0000000008040e78
                0x0000000020000000                . = ALIGN (0x4)
                0x0000000020000000                _sdata = .
 *(.data)
 *(.data*)
 .data.SystemCoreClock
                0x0000000020000000        0x4 Core/Src/system_stm32f4xx.o
                0x0000000020000000                SystemCoreClock
 .data.uwTickPrio
                0x0000000020000004        0x4 Drivers/STM32F4xx_HAL_Driver/Src/stm32f4xx_hal.o
                0x0000000020000004                uwTickPrio
 .data.uwTickFreq
                0x0000000020000008        0x1 Drivers/STM32F4xx_HAL_Driver/Src/stm32f4xx_hal.o
                0x0000000020000008                uwTickFreq
 *fill*         0x0000000020000009        0x3 
 .data.CDC_Class
                0x000000002000000c       0x20 Middlewares/ST/STM32_USB_Host_Library/Class/CDC/Src/usbh_cdc.o
                0x000000002000000c                CDC_Class
 .data._impure_ptr
                0x000000002000002c        0x4 c:/st/stm32cubeide_1.0.2/stm32cubeide/plugins/com.st.stm32cube.ide.mcu.externaltools.gnu-tools-for-stm32.7-2018-q2-update.win32_1.5.0.202011040924/tools/bin/../lib/gcc/arm-none-eabi/7.3.1/../../../../arm-none-eabi/lib/thumb/v7e-m/fpv4-sp/hard\libc_nano.a(lib_a-impure.o)
                0x000000002000002c                _impure_ptr
 .data.impure_data
                0x0000000020000030       0x60 c:/st/stm32cubeide_1.0.2/stm32cubeide/plugins/com.st.stm32cube.ide.mcu.externaltools.gnu-tools-for-stm32.7-2018-q2-update.win32_1.5.0.202011040924/tools/bin/../lib/gcc/arm-none-eabi/7.3.1/../../../../arm-none-eabi/lib/thumb/v7e-m/fpv4-sp/hard\libc_nano.a(lib_a-impure.o)
 *(.RamFunc)
 *(.RamFunc*)
                0x0000000020000090                . = ALIGN (0x4)
                0x0000000020000090                _edata = .

.igot.plt       0x0000000020000090        0x0 load address 0x0000000008040f08
 .igot.plt      0x0000000020000090        0x0 c:/st/stm32cubeide_1.0.2/stm32cubeide/plugins/com.st.stm32cube.ide.mcu.externaltools.gnu-tools-for-stm32.7-2018-q2-update.win32_1.5.0.202011040924/tools/bin/../lib/gcc/arm-none-eabi/7.3.1/thumb/v7e-m/fpv4-sp/hard/crtbegin.o
                0x0000000020000090                . = ALIGN (0x4)

.bss            0x0000000020000090      0x81c load address 0x0000000008040f08
                0x0000000020000090                _sbss = .
                0x0000000020000090                __bss_start__ = _sbss
 *(.bss)
 .bss           0x0000000020000090       0x1c c:/st/stm32cubeide_1.0.2/stm32cubeide/plugins/com.st.stm32cube.ide.mcu.externaltools.gnu-tools-for-stm32.7-2018-q2-update.win32_1.5.0.202011040924/tools/bin/../lib/gcc/arm-none-eabi/7.3.1/thumb/v7e-m/fpv4-sp/hard/crtbegin.o
 *(.bss*)
 .bss.sounddata_data
                0x00000000200000ac        0x4 Core/Src/main.o
                0x00000000200000ac                sounddata_data
 .bss.sounddata_length
                0x00000000200000b0        0x4 Core/Src/main.o
                0x00000000200000b0                sounddata_length
 .bss.current_pos
                0x00000000200000b4        0x4 Core/Src/main.o
                0x00000000200000b4                current_pos
 .bss.main_u8flgPlaybackstart
                0x00000000200000b8        0x1 Core/Src/main.o
                0x00000000200000b8                main_u8flgPlaybackstart
 *fill*         0x00000000200000b9        0x3 
 .bss.__sbrk_heap_end
                0x00000000200000bc        0x4 Core/Src/sysmem.o
 .bss.tmpreg.8930
                0x00000000200000c0        0x4 Drivers/STM32F4xx_HAL_Driver/Src/stm32f4xx_ll_usb.o
 .bss.Appli_state
                0x00000000200000c4        0x1 USB_HOST/App/usb_host.o
                0x00000000200000c4                Appli_state
 *fill*         0x00000000200000c5        0x3 
 .bss.__malloc_free_list
                0x00000000200000c8        0x4 c:/st/stm32cubeide_1.0.2/stm32cubeide/plugins/com.st.stm32cube.ide.mcu.externaltools.gnu-tools-for-stm32.7-2018-q2-update.win32_1.5.0.202011040924/tools/bin/../lib/gcc/arm-none-eabi/7.3.1/../../../../arm-none-eabi/lib/thumb/v7e-m/fpv4-sp/hard\libc_nano.a(lib_a-nano-mallocr.o)
                0x00000000200000c8                __malloc_free_list
 .bss.__malloc_sbrk_start
                0x00000000200000cc        0x4 c:/st/stm32cubeide_1.0.2/stm32cubeide/plugins/com.st.stm32cube.ide.mcu.externaltools.gnu-tools-for-stm32.7-2018-q2-update.win32_1.5.0.202011040924/tools/bin/../lib/gcc/arm-none-eabi/7.3.1/../../../../arm-none-eabi/lib/thumb/v7e-m/fpv4-sp/hard\libc_nano.a(lib_a-nano-mallocr.o)
                0x00000000200000cc                __malloc_sbrk_start
 *(COMMON)
 COMMON         0x00000000200000d0      0x138 Core/Src/main.o
                0x00000000200000d0                hi2c1
                0x0000000020000124                lastSample
                0x0000000020000128                hspi1
                0x0000000020000180                htim2
                0x00000000200001c0                hi2s3
 COMMON         0x0000000020000208        0x4 Drivers/STM32F4xx_HAL_Driver/Src/stm32f4xx_hal.o
                0x0000000020000208                uwTick
 COMMON         0x000000002000020c      0x3d8 USB_HOST/App/usb_host.o
                0x000000002000020c                hUsbHostFS
 COMMON         0x00000000200005e4      0x2c4 USB_HOST/Target/usbh_conf.o
                0x00000000200005e4                hhcd_USB_OTG_FS
 COMMON         0x00000000200008a8        0x4 c:/st/stm32cubeide_1.0.2/stm32cubeide/plugins/com.st.stm32cube.ide.mcu.externaltools.gnu-tools-for-stm32.7-2018-q2-update.win32_1.5.0.202011040924/tools/bin/../lib/gcc/arm-none-eabi/7.3.1/../../../../arm-none-eabi/lib/thumb/v7e-m/fpv4-sp/hard\libc_nano.a(lib_a-reent.o)
                0x00000000200008a8                errno
                0x00000000200008ac                . = ALIGN (0x4)
                0x00000000200008ac                _ebss = .
                0x00000000200008ac                __bss_end__ = _ebss

._user_heap_stack
                0x00000000200008ac      0x604 load address 0x0000000008040f08
                0x00000000200008b0                . = ALIGN (0x8)
 *fill*         0x00000000200008ac        0x4 
                [!provide]                        PROVIDE (end = .)
                0x00000000200008b0                PROVIDE (_end = .)
                0x0000000020000ab0                . = (. + _Min_Heap_Size)
 *fill*         0x00000000200008b0      0x200 
                0x0000000020000eb0                . = (. + _Min_Stack_Size)
 *fill*         0x0000000020000ab0      0x400 
                0x0000000020000eb0                . = ALIGN (0x8)

/DISCARD/
 libc.a(*)
 libm.a(*)
 libgcc.a(*)

.ARM.attributes
                0x0000000000000000       0x30
 *(.ARM.attributes)
 .ARM.attributes
                0x0000000000000000       0x22 c:/st/stm32cubeide_1.0.2/stm32cubeide/plugins/com.st.stm32cube.ide.mcu.externaltools.gnu-tools-for-stm32.7-2018-q2-update.win32_1.5.0.202011040924/tools/bin/../lib/gcc/arm-none-eabi/7.3.1/thumb/v7e-m/fpv4-sp/hard/crti.o
 .ARM.attributes
                0x0000000000000022       0x34 c:/st/stm32cubeide_1.0.2/stm32cubeide/plugins/com.st.stm32cube.ide.mcu.externaltools.gnu-tools-for-stm32.7-2018-q2-update.win32_1.5.0.202011040924/tools/bin/../lib/gcc/arm-none-eabi/7.3.1/thumb/v7e-m/fpv4-sp/hard/crtbegin.o
 .ARM.attributes
                0x0000000000000056       0x39 Core/Src/main.o
 .ARM.attributes
                0x000000000000008f       0x39 Core/Src/stm32f4xx_hal_msp.o
 .ARM.attributes
                0x00000000000000c8       0x39 Core/Src/stm32f4xx_it.o
 .ARM.attributes
                0x0000000000000101       0x39 Core/Src/sysmem.o
 .ARM.attributes
                0x000000000000013a       0x39 Core/Src/system_stm32f4xx.o
 .ARM.attributes
                0x0000000000000173       0x21 Core/Startup/startup_stm32f407vgtx.o
 .ARM.attributes
                0x0000000000000194       0x39 Drivers/STM32F4xx_HAL_Driver/Src/stm32f4xx_hal.o
 .ARM.attributes
                0x00000000000001cd       0x39 Drivers/STM32F4xx_HAL_Driver/Src/stm32f4xx_hal_cortex.o
 .ARM.attributes
                0x0000000000000206       0x39 Drivers/STM32F4xx_HAL_Driver/Src/stm32f4xx_hal_gpio.o
 .ARM.attributes
                0x000000000000023f       0x39 Drivers/STM32F4xx_HAL_Driver/Src/stm32f4xx_hal_hcd.o
 .ARM.attributes
                0x0000000000000278       0x39 Drivers/STM32F4xx_HAL_Driver/Src/stm32f4xx_hal_i2c.o
 .ARM.attributes
                0x00000000000002b1       0x39 Drivers/STM32F4xx_HAL_Driver/Src/stm32f4xx_hal_i2s.o
 .ARM.attributes
                0x00000000000002ea       0x39 Drivers/STM32F4xx_HAL_Driver/Src/stm32f4xx_hal_i2s_ex.o
 .ARM.attributes
                0x0000000000000323       0x39 Drivers/STM32F4xx_HAL_Driver/Src/stm32f4xx_hal_rcc.o
 .ARM.attributes
                0x000000000000035c       0x39 Drivers/STM32F4xx_HAL_Driver/Src/stm32f4xx_hal_rcc_ex.o
 .ARM.attributes
                0x0000000000000395       0x39 Drivers/STM32F4xx_HAL_Driver/Src/stm32f4xx_hal_spi.o
 .ARM.attributes
                0x00000000000003ce       0x39 Drivers/STM32F4xx_HAL_Driver/Src/stm32f4xx_hal_tim.o
 .ARM.attributes
                0x0000000000000407       0x39 Drivers/STM32F4xx_HAL_Driver/Src/stm32f4xx_hal_tim_ex.o
 .ARM.attributes
                0x0000000000000440       0x39 Drivers/STM32F4xx_HAL_Driver/Src/stm32f4xx_ll_usb.o
 .ARM.attributes
                0x0000000000000479       0x39 Middlewares/ST/STM32_USB_Host_Library/Class/CDC/Src/usbh_cdc.o
 .ARM.attributes
                0x00000000000004b2       0x39 Middlewares/ST/STM32_USB_Host_Library/Core/Src/usbh_core.o
 .ARM.attributes
                0x00000000000004eb       0x39 Middlewares/ST/STM32_USB_Host_Library/Core/Src/usbh_ctlreq.o
 .ARM.attributes
                0x0000000000000524       0x39 Middlewares/ST/STM32_USB_Host_Library/Core/Src/usbh_ioreq.o
 .ARM.attributes
                0x000000000000055d       0x39 Middlewares/ST/STM32_USB_Host_Library/Core/Src/usbh_pipes.o
 .ARM.attributes
                0x0000000000000596       0x39 USB_HOST/App/usb_host.o
 .ARM.attributes
                0x00000000000005cf       0x39 USB_HOST/Target/usbh_conf.o
 .ARM.attributes
                0x0000000000000608       0x39 USB_HOST/Target/usbh_platform.o
 .ARM.attributes
                0x0000000000000641       0x34 c:/st/stm32cubeide_1.0.2/stm32cubeide/plugins/com.st.stm32cube.ide.mcu.externaltools.gnu-tools-for-stm32.7-2018-q2-update.win32_1.5.0.202011040924/tools/bin/../lib/gcc/arm-none-eabi/7.3.1/../../../../arm-none-eabi/lib/thumb/v7e-m/fpv4-sp/hard\libc_nano.a(lib_a-errno.o)
 .ARM.attributes
                0x0000000000000675       0x34 c:/st/stm32cubeide_1.0.2/stm32cubeide/plugins/com.st.stm32cube.ide.mcu.externaltools.gnu-tools-for-stm32.7-2018-q2-update.win32_1.5.0.202011040924/tools/bin/../lib/gcc/arm-none-eabi/7.3.1/../../../../arm-none-eabi/lib/thumb/v7e-m/fpv4-sp/hard\libc_nano.a(lib_a-impure.o)
 .ARM.attributes
                0x00000000000006a9       0x34 c:/st/stm32cubeide_1.0.2/stm32cubeide/plugins/com.st.stm32cube.ide.mcu.externaltools.gnu-tools-for-stm32.7-2018-q2-update.win32_1.5.0.202011040924/tools/bin/../lib/gcc/arm-none-eabi/7.3.1/../../../../arm-none-eabi/lib/thumb/v7e-m/fpv4-sp/hard\libc_nano.a(lib_a-init.o)
 .ARM.attributes
                0x00000000000006dd       0x34 c:/st/stm32cubeide_1.0.2/stm32cubeide/plugins/com.st.stm32cube.ide.mcu.externaltools.gnu-tools-for-stm32.7-2018-q2-update.win32_1.5.0.202011040924/tools/bin/../lib/gcc/arm-none-eabi/7.3.1/../../../../arm-none-eabi/lib/thumb/v7e-m/fpv4-sp/hard\libc_nano.a(lib_a-malloc.o)
 .ARM.attributes
                0x0000000000000711       0x34 c:/st/stm32cubeide_1.0.2/stm32cubeide/plugins/com.st.stm32cube.ide.mcu.externaltools.gnu-tools-for-stm32.7-2018-q2-update.win32_1.5.0.202011040924/tools/bin/../lib/gcc/arm-none-eabi/7.3.1/../../../../arm-none-eabi/lib/thumb/v7e-m/fpv4-sp/hard\libc_nano.a(lib_a-memset.o)
 .ARM.attributes
                0x0000000000000745       0x34 c:/st/stm32cubeide_1.0.2/stm32cubeide/plugins/com.st.stm32cube.ide.mcu.externaltools.gnu-tools-for-stm32.7-2018-q2-update.win32_1.5.0.202011040924/tools/bin/../lib/gcc/arm-none-eabi/7.3.1/../../../../arm-none-eabi/lib/thumb/v7e-m/fpv4-sp/hard\libc_nano.a(lib_a-nano-freer.o)
 .ARM.attributes
                0x0000000000000779       0x34 c:/st/stm32cubeide_1.0.2/stm32cubeide/plugins/com.st.stm32cube.ide.mcu.externaltools.gnu-tools-for-stm32.7-2018-q2-update.win32_1.5.0.202011040924/tools/bin/../lib/gcc/arm-none-eabi/7.3.1/../../../../arm-none-eabi/lib/thumb/v7e-m/fpv4-sp/hard\libc_nano.a(lib_a-nano-mallocr.o)
 .ARM.attributes
                0x00000000000007ad       0x34 c:/st/stm32cubeide_1.0.2/stm32cubeide/plugins/com.st.stm32cube.ide.mcu.externaltools.gnu-tools-for-stm32.7-2018-q2-update.win32_1.5.0.202011040924/tools/bin/../lib/gcc/arm-none-eabi/7.3.1/../../../../arm-none-eabi/lib/thumb/v7e-m/fpv4-sp/hard\libc_nano.a(lib_a-sbrkr.o)
 .ARM.attributes
                0x00000000000007e1       0x34 c:/st/stm32cubeide_1.0.2/stm32cubeide/plugins/com.st.stm32cube.ide.mcu.externaltools.gnu-tools-for-stm32.7-2018-q2-update.win32_1.5.0.202011040924/tools/bin/../lib/gcc/arm-none-eabi/7.3.1/../../../../arm-none-eabi/lib/thumb/v7e-m/fpv4-sp/hard\libc_nano.a(lib_a-mlock.o)
 .ARM.attributes
                0x0000000000000815       0x34 c:/st/stm32cubeide_1.0.2/stm32cubeide/plugins/com.st.stm32cube.ide.mcu.externaltools.gnu-tools-for-stm32.7-2018-q2-update.win32_1.5.0.202011040924/tools/bin/../lib/gcc/arm-none-eabi/7.3.1/../../../../arm-none-eabi/lib/thumb/v7e-m/fpv4-sp/hard\libc_nano.a(lib_a-reent.o)
 .ARM.attributes
                0x0000000000000849       0x22 c:/st/stm32cubeide_1.0.2/stm32cubeide/plugins/com.st.stm32cube.ide.mcu.externaltools.gnu-tools-for-stm32.7-2018-q2-update.win32_1.5.0.202011040924/tools/bin/../lib/gcc/arm-none-eabi/7.3.1/thumb/v7e-m/fpv4-sp/hard\libgcc.a(_aeabi_uldivmod.o)
 .ARM.attributes
                0x000000000000086b       0x34 c:/st/stm32cubeide_1.0.2/stm32cubeide/plugins/com.st.stm32cube.ide.mcu.externaltools.gnu-tools-for-stm32.7-2018-q2-update.win32_1.5.0.202011040924/tools/bin/../lib/gcc/arm-none-eabi/7.3.1/thumb/v7e-m/fpv4-sp/hard\libgcc.a(_udivmoddi4.o)
 .ARM.attributes
                0x000000000000089f       0x22 c:/st/stm32cubeide_1.0.2/stm32cubeide/plugins/com.st.stm32cube.ide.mcu.externaltools.gnu-tools-for-stm32.7-2018-q2-update.win32_1.5.0.202011040924/tools/bin/../lib/gcc/arm-none-eabi/7.3.1/thumb/v7e-m/fpv4-sp/hard\libgcc.a(_dvmd_tls.o)
 .ARM.attributes
                0x00000000000008c1       0x22 c:/st/stm32cubeide_1.0.2/stm32cubeide/plugins/com.st.stm32cube.ide.mcu.externaltools.gnu-tools-for-stm32.7-2018-q2-update.win32_1.5.0.202011040924/tools/bin/../lib/gcc/arm-none-eabi/7.3.1/thumb/v7e-m/fpv4-sp/hard/crtn.o
OUTPUT(audiorepeater.elf elf32-littlearm)

.debug_info     0x0000000000000000    0x1cb2e
 .debug_info    0x0000000000000000     0x1542 Core/Src/main.o
 .debug_info    0x0000000000001542     0x1459 Core/Src/stm32f4xx_hal_msp.o
 .debug_info    0x000000000000299b      0xb6e Core/Src/stm32f4xx_it.o
 .debug_info    0x0000000000003509      0x985 Core/Src/sysmem.o
 .debug_info    0x0000000000003e8e      0x554 Core/Src/system_stm32f4xx.o
 .debug_info    0x00000000000043e2       0x22 Core/Startup/startup_stm32f407vgtx.o
 .debug_info    0x0000000000004404      0x945 Drivers/STM32F4xx_HAL_Driver/Src/stm32f4xx_hal.o
 .debug_info    0x0000000000004d49      0xe28 Drivers/STM32F4xx_HAL_Driver/Src/stm32f4xx_hal_cortex.o
 .debug_info    0x0000000000005b71      0x7b5 Drivers/STM32F4xx_HAL_Driver/Src/stm32f4xx_hal_gpio.o
 .debug_info    0x0000000000006326      0xe5f Drivers/STM32F4xx_HAL_Driver/Src/stm32f4xx_hal_hcd.o
 .debug_info    0x0000000000007185     0x2426 Drivers/STM32F4xx_HAL_Driver/Src/stm32f4xx_hal_i2c.o
 .debug_info    0x00000000000095ab      0xe5e Drivers/STM32F4xx_HAL_Driver/Src/stm32f4xx_hal_i2s.o
 .debug_info    0x000000000000a409      0xb76 Drivers/STM32F4xx_HAL_Driver/Src/stm32f4xx_hal_i2s_ex.o
 .debug_info    0x000000000000af7f      0x904 Drivers/STM32F4xx_HAL_Driver/Src/stm32f4xx_hal_rcc.o
 .debug_info    0x000000000000b883      0x5ae Drivers/STM32F4xx_HAL_Driver/Src/stm32f4xx_hal_rcc_ex.o
 .debug_info    0x000000000000be31     0x163a Drivers/STM32F4xx_HAL_Driver/Src/stm32f4xx_hal_spi.o
 .debug_info    0x000000000000d46b     0x24a9 Drivers/STM32F4xx_HAL_Driver/Src/stm32f4xx_hal_tim.o
 .debug_info    0x000000000000f914     0x1157 Drivers/STM32F4xx_HAL_Driver/Src/stm32f4xx_hal_tim_ex.o
 .debug_info    0x0000000000010a6b     0x18dd Drivers/STM32F4xx_HAL_Driver/Src/stm32f4xx_ll_usb.o
 .debug_info    0x0000000000012348     0x1ad3 Middlewares/ST/STM32_USB_Host_Library/Class/CDC/Src/usbh_cdc.o
 .debug_info    0x0000000000013e1b     0x16b2 Middlewares/ST/STM32_USB_Host_Library/Core/Src/usbh_core.o
 .debug_info    0x00000000000154cd     0x1772 Middlewares/ST/STM32_USB_Host_Library/Core/Src/usbh_ctlreq.o
 .debug_info    0x0000000000016c3f     0x14df Middlewares/ST/STM32_USB_Host_Library/Core/Src/usbh_ioreq.o
 .debug_info    0x000000000001811e     0x1321 Middlewares/ST/STM32_USB_Host_Library/Core/Src/usbh_pipes.o
 .debug_info    0x000000000001943f     0x1275 USB_HOST/App/usb_host.o
 .debug_info    0x000000000001a6b4     0x2200 USB_HOST/Target/usbh_conf.o
 .debug_info    0x000000000001c8b4      0x27a USB_HOST/Target/usbh_platform.o

.debug_abbrev   0x0000000000000000     0x3a21
 .debug_abbrev  0x0000000000000000      0x21f Core/Src/main.o
 .debug_abbrev  0x000000000000021f      0x1de Core/Src/stm32f4xx_hal_msp.o
 .debug_abbrev  0x00000000000003fd      0x1a1 Core/Src/stm32f4xx_it.o
 .debug_abbrev  0x000000000000059e      0x19b Core/Src/sysmem.o
 .debug_abbrev  0x0000000000000739      0x12b Core/Src/system_stm32f4xx.o
 .debug_abbrev  0x0000000000000864       0x12 Core/Startup/startup_stm32f407vgtx.o
 .debug_abbrev  0x0000000000000876      0x1c7 Drivers/STM32F4xx_HAL_Driver/Src/stm32f4xx_hal.o
 .debug_abbrev  0x0000000000000a3d      0x2fa Drivers/STM32F4xx_HAL_Driver/Src/stm32f4xx_hal_cortex.o
 .debug_abbrev  0x0000000000000d37      0x1c9 Drivers/STM32F4xx_HAL_Driver/Src/stm32f4xx_hal_gpio.o
 .debug_abbrev  0x0000000000000f00      0x255 Drivers/STM32F4xx_HAL_Driver/Src/stm32f4xx_hal_hcd.o
 .debug_abbrev  0x0000000000001155      0x254 Drivers/STM32F4xx_HAL_Driver/Src/stm32f4xx_hal_i2c.o
 .debug_abbrev  0x00000000000013a9      0x21b Drivers/STM32F4xx_HAL_Driver/Src/stm32f4xx_hal_i2s.o
 .debug_abbrev  0x00000000000015c4      0x246 Drivers/STM32F4xx_HAL_Driver/Src/stm32f4xx_hal_i2s_ex.o
 .debug_abbrev  0x000000000000180a      0x245 Drivers/STM32F4xx_HAL_Driver/Src/stm32f4xx_hal_rcc.o
 .debug_abbrev  0x0000000000001a4f      0x173 Drivers/STM32F4xx_HAL_Driver/Src/stm32f4xx_hal_rcc_ex.o
 .debug_abbrev  0x0000000000001bc2      0x240 Drivers/STM32F4xx_HAL_Driver/Src/stm32f4xx_hal_spi.o
 .debug_abbrev  0x0000000000001e02      0x230 Drivers/STM32F4xx_HAL_Driver/Src/stm32f4xx_hal_tim.o
 .debug_abbrev  0x0000000000002032      0x21e Drivers/STM32F4xx_HAL_Driver/Src/stm32f4xx_hal_tim_ex.o
 .debug_abbrev  0x0000000000002250      0x26d Drivers/STM32F4xx_HAL_Driver/Src/stm32f4xx_ll_usb.o
 .debug_abbrev  0x00000000000024bd      0x308 Middlewares/ST/STM32_USB_Host_Library/Class/CDC/Src/usbh_cdc.o
 .debug_abbrev  0x00000000000027c5      0x362 Middlewares/ST/STM32_USB_Host_Library/Core/Src/usbh_core.o
 .debug_abbrev  0x0000000000002b27      0x31b Middlewares/ST/STM32_USB_Host_Library/Core/Src/usbh_ctlreq.o
 .debug_abbrev  0x0000000000002e42      0x279 Middlewares/ST/STM32_USB_Host_Library/Core/Src/usbh_ioreq.o
 .debug_abbrev  0x00000000000030bb      0x2b1 Middlewares/ST/STM32_USB_Host_Library/Core/Src/usbh_pipes.o
 .debug_abbrev  0x000000000000336c      0x268 USB_HOST/App/usb_host.o
 .debug_abbrev  0x00000000000035d4      0x349 USB_HOST/Target/usbh_conf.o
 .debug_abbrev  0x000000000000391d      0x104 USB_HOST/Target/usbh_platform.o

.debug_aranges  0x0000000000000000     0x1638
 .debug_aranges
                0x0000000000000000       0x68 Core/Src/main.o
 .debug_aranges
                0x0000000000000068       0x68 Core/Src/stm32f4xx_hal_msp.o
 .debug_aranges
                0x00000000000000d0       0x70 Core/Src/stm32f4xx_it.o
 .debug_aranges
                0x0000000000000140       0x20 Core/Src/sysmem.o
 .debug_aranges
                0x0000000000000160       0x28 Core/Src/system_stm32f4xx.o
 .debug_aranges
                0x0000000000000188       0x28 Core/Startup/startup_stm32f407vgtx.o
 .debug_aranges
                0x00000000000001b0       0xf0 Drivers/STM32F4xx_HAL_Driver/Src/stm32f4xx_hal.o
 .debug_aranges
                0x00000000000002a0      0x118 Drivers/STM32F4xx_HAL_Driver/Src/stm32f4xx_hal_cortex.o
 .debug_aranges
                0x00000000000003b8       0x58 Drivers/STM32F4xx_HAL_Driver/Src/stm32f4xx_hal_gpio.o
 .debug_aranges
                0x0000000000000410       0xf8 Drivers/STM32F4xx_HAL_Driver/Src/stm32f4xx_hal_hcd.o
 .debug_aranges
                0x0000000000000508      0x2a0 Drivers/STM32F4xx_HAL_Driver/Src/stm32f4xx_hal_i2c.o
 .debug_aranges
                0x00000000000007a8      0x108 Drivers/STM32F4xx_HAL_Driver/Src/stm32f4xx_hal_i2s.o
 .debug_aranges
                0x00000000000008b0       0x88 Drivers/STM32F4xx_HAL_Driver/Src/stm32f4xx_hal_i2s_ex.o
 .debug_aranges
                0x0000000000000938       0x88 Drivers/STM32F4xx_HAL_Driver/Src/stm32f4xx_hal_rcc.o
 .debug_aranges
                0x00000000000009c0       0x48 Drivers/STM32F4xx_HAL_Driver/Src/stm32f4xx_hal_rcc_ex.o
 .debug_aranges
                0x0000000000000a08      0x1d0 Drivers/STM32F4xx_HAL_Driver/Src/stm32f4xx_hal_spi.o
 .debug_aranges
                0x0000000000000bd8      0x3a8 Drivers/STM32F4xx_HAL_Driver/Src/stm32f4xx_hal_tim.o
 .debug_aranges
                0x0000000000000f80      0x150 Drivers/STM32F4xx_HAL_Driver/Src/stm32f4xx_hal_tim_ex.o
 .debug_aranges
                0x00000000000010d0      0x198 Drivers/STM32F4xx_HAL_Driver/Src/stm32f4xx_ll_usb.o
 .debug_aranges
                0x0000000000001268       0xa8 Middlewares/ST/STM32_USB_Host_Library/Class/CDC/Src/usbh_cdc.o
 .debug_aranges
                0x0000000000001310       0xc0 Middlewares/ST/STM32_USB_Host_Library/Core/Src/usbh_core.o
 .debug_aranges
                0x00000000000013d0       0xa0 Middlewares/ST/STM32_USB_Host_Library/Core/Src/usbh_ctlreq.o
 .debug_aranges
                0x0000000000001470       0x60 Middlewares/ST/STM32_USB_Host_Library/Core/Src/usbh_ioreq.o
 .debug_aranges
                0x00000000000014d0       0x40 Middlewares/ST/STM32_USB_Host_Library/Core/Src/usbh_pipes.o
 .debug_aranges
                0x0000000000001510       0x30 USB_HOST/App/usb_host.o
 .debug_aranges
                0x0000000000001540       0xd8 USB_HOST/Target/usbh_conf.o
 .debug_aranges
                0x0000000000001618       0x20 USB_HOST/Target/usbh_platform.o

.debug_ranges   0x0000000000000000     0x14b8
 .debug_ranges  0x0000000000000000       0x58 Core/Src/main.o
 .debug_ranges  0x0000000000000058       0x58 Core/Src/stm32f4xx_hal_msp.o
 .debug_ranges  0x00000000000000b0       0x60 Core/Src/stm32f4xx_it.o
 .debug_ranges  0x0000000000000110       0x10 Core/Src/sysmem.o
 .debug_ranges  0x0000000000000120       0x18 Core/Src/system_stm32f4xx.o
 .debug_ranges  0x0000000000000138       0x20 Core/Startup/startup_stm32f407vgtx.o
 .debug_ranges  0x0000000000000158       0xe0 Drivers/STM32F4xx_HAL_Driver/Src/stm32f4xx_hal.o
 .debug_ranges  0x0000000000000238      0x108 Drivers/STM32F4xx_HAL_Driver/Src/stm32f4xx_hal_cortex.o
 .debug_ranges  0x0000000000000340       0x48 Drivers/STM32F4xx_HAL_Driver/Src/stm32f4xx_hal_gpio.o
 .debug_ranges  0x0000000000000388       0xe8 Drivers/STM32F4xx_HAL_Driver/Src/stm32f4xx_hal_hcd.o
 .debug_ranges  0x0000000000000470      0x2b8 Drivers/STM32F4xx_HAL_Driver/Src/stm32f4xx_hal_i2c.o
 .debug_ranges  0x0000000000000728       0xf8 Drivers/STM32F4xx_HAL_Driver/Src/stm32f4xx_hal_i2s.o
 .debug_ranges  0x0000000000000820       0x78 Drivers/STM32F4xx_HAL_Driver/Src/stm32f4xx_hal_i2s_ex.o
 .debug_ranges  0x0000000000000898       0x78 Drivers/STM32F4xx_HAL_Driver/Src/stm32f4xx_hal_rcc.o
 .debug_ranges  0x0000000000000910       0x38 Drivers/STM32F4xx_HAL_Driver/Src/stm32f4xx_hal_rcc_ex.o
 .debug_ranges  0x0000000000000948      0x1c0 Drivers/STM32F4xx_HAL_Driver/Src/stm32f4xx_hal_spi.o
 .debug_ranges  0x0000000000000b08      0x398 Drivers/STM32F4xx_HAL_Driver/Src/stm32f4xx_hal_tim.o
 .debug_ranges  0x0000000000000ea0      0x140 Drivers/STM32F4xx_HAL_Driver/Src/stm32f4xx_hal_tim_ex.o
 .debug_ranges  0x0000000000000fe0      0x188 Drivers/STM32F4xx_HAL_Driver/Src/stm32f4xx_ll_usb.o
 .debug_ranges  0x0000000000001168       0x98 Middlewares/ST/STM32_USB_Host_Library/Class/CDC/Src/usbh_cdc.o
 .debug_ranges  0x0000000000001200       0xb0 Middlewares/ST/STM32_USB_Host_Library/Core/Src/usbh_core.o
 .debug_ranges  0x00000000000012b0       0x90 Middlewares/ST/STM32_USB_Host_Library/Core/Src/usbh_ctlreq.o
 .debug_ranges  0x0000000000001340       0x50 Middlewares/ST/STM32_USB_Host_Library/Core/Src/usbh_ioreq.o
 .debug_ranges  0x0000000000001390       0x30 Middlewares/ST/STM32_USB_Host_Library/Core/Src/usbh_pipes.o
 .debug_ranges  0x00000000000013c0       0x20 USB_HOST/App/usb_host.o
 .debug_ranges  0x00000000000013e0       0xc8 USB_HOST/Target/usbh_conf.o
 .debug_ranges  0x00000000000014a8       0x10 USB_HOST/Target/usbh_platform.o

.debug_macro    0x0000000000000000    0x23d6b
 .debug_macro   0x0000000000000000      0x233 Core/Src/main.o
 .debug_macro   0x0000000000000233      0x2a6 Core/Src/main.o
 .debug_macro   0x00000000000004d9       0x2e Core/Src/main.o
 .debug_macro   0x0000000000000507       0x2f Core/Src/main.o
 .debug_macro   0x0000000000000536       0x22 Core/Src/main.o
 .debug_macro   0x0000000000000558       0x8e Core/Src/main.o
 .debug_macro   0x00000000000005e6       0x51 Core/Src/main.o
 .debug_macro   0x0000000000000637       0xef Core/Src/main.o
 .debug_macro   0x0000000000000726       0x6a Core/Src/main.o
 .debug_macro   0x0000000000000790      0x1df Core/Src/main.o
 .debug_macro   0x000000000000096f       0x1c Core/Src/main.o
 .debug_macro   0x000000000000098b       0x22 Core/Src/main.o
 .debug_macro   0x00000000000009ad       0xdf Core/Src/main.o
 .debug_macro   0x0000000000000a8c     0x102d Core/Src/main.o
 .debug_macro   0x0000000000001ab9      0x11f Core/Src/main.o
 .debug_macro   0x0000000000001bd8    0x15e3c Core/Src/main.o
 .debug_macro   0x0000000000017a14       0x43 Core/Src/main.o
 .debug_macro   0x0000000000017a57     0x3659 Core/Src/main.o
 .debug_macro   0x000000000001b0b0      0x174 Core/Src/main.o
 .debug_macro   0x000000000001b224       0x5a Core/Src/main.o
 .debug_macro   0x000000000001b27e      0x96b Core/Src/main.o
 .debug_macro   0x000000000001bbe9      0x9fe Core/Src/main.o
 .debug_macro   0x000000000001c5e7      0x117 Core/Src/main.o
 .debug_macro   0x000000000001c6fe      0x13e Core/Src/main.o
 .debug_macro   0x000000000001c83c       0x27 Core/Src/main.o
 .debug_macro   0x000000000001c863      0x174 Core/Src/main.o
 .debug_macro   0x000000000001c9d7      0x287 Core/Src/main.o
 .debug_macro   0x000000000001cc5e       0x5f Core/Src/main.o
 .debug_macro   0x000000000001ccbd      0x236 Core/Src/main.o
 .debug_macro   0x000000000001cef3      0x12c Core/Src/main.o
 .debug_macro   0x000000000001d01f      0x21e Core/Src/main.o
 .debug_macro   0x000000000001d23d       0x2e Core/Src/main.o
 .debug_macro   0x000000000001d26b      0x1b5 Core/Src/main.o
 .debug_macro   0x000000000001d420       0xd6 Core/Src/main.o
 .debug_macro   0x000000000001d4f6      0x1a7 Core/Src/main.o
 .debug_macro   0x000000000001d69d       0x46 Core/Src/main.o
 .debug_macro   0x000000000001d6e3       0x4a Core/Src/main.o
 .debug_macro   0x000000000001d72d      0x11a Core/Src/main.o
 .debug_macro   0x000000000001d847       0x7e Core/Src/main.o
 .debug_macro   0x000000000001d8c5       0x89 Core/Src/main.o
 .debug_macro   0x000000000001d94e      0x225 Core/Src/main.o
 .debug_macro   0x000000000001db73      0x8a0 Core/Src/main.o
 .debug_macro   0x000000000001e413       0x47 Core/Src/main.o
 .debug_macro   0x000000000001e45a      0x21e Core/Src/main.o
 .debug_macro   0x000000000001e678       0x68 Core/Src/main.o
 .debug_macro   0x000000000001e6e0      0x12d Core/Src/main.o
 .debug_macro   0x000000000001e80d      0x191 Core/Src/main.o
 .debug_macro   0x000000000001e99e      0x229 Core/Src/stm32f4xx_hal_msp.o
 .debug_macro   0x000000000001ebc7      0x233 Core/Src/stm32f4xx_it.o
 .debug_macro   0x000000000001edfa       0xee Core/Src/sysmem.o
 .debug_macro   0x000000000001eee8      0x23b Core/Src/sysmem.o
 .debug_macro   0x000000000001f123      0x220 Core/Src/system_stm32f4xx.o
 .debug_macro   0x000000000001f343      0x27a Drivers/STM32F4xx_HAL_Driver/Src/stm32f4xx_hal.o
 .debug_macro   0x000000000001f5bd      0x21a Drivers/STM32F4xx_HAL_Driver/Src/stm32f4xx_hal_cortex.o
 .debug_macro   0x000000000001f7d7      0x250 Drivers/STM32F4xx_HAL_Driver/Src/stm32f4xx_hal_gpio.o
 .debug_macro   0x000000000001fa27      0x21a Drivers/STM32F4xx_HAL_Driver/Src/stm32f4xx_hal_hcd.o
 .debug_macro   0x000000000001fc41      0x261 Drivers/STM32F4xx_HAL_Driver/Src/stm32f4xx_hal_i2c.o
 .debug_macro   0x000000000001fea2      0x222 Drivers/STM32F4xx_HAL_Driver/Src/stm32f4xx_hal_i2s.o
 .debug_macro   0x00000000000200c4      0x21a Drivers/STM32F4xx_HAL_Driver/Src/stm32f4xx_hal_i2s_ex.o
 .debug_macro   0x00000000000202de      0x23e Drivers/STM32F4xx_HAL_Driver/Src/stm32f4xx_hal_rcc.o
 .debug_macro   0x000000000002051c      0x21a Drivers/STM32F4xx_HAL_Driver/Src/stm32f4xx_hal_rcc_ex.o
 .debug_macro   0x0000000000020736      0x229 Drivers/STM32F4xx_HAL_Driver/Src/stm32f4xx_hal_spi.o
 .debug_macro   0x000000000002095f      0x21b Drivers/STM32F4xx_HAL_Driver/Src/stm32f4xx_hal_tim.o
 .debug_macro   0x0000000000020b7a      0x21a Drivers/STM32F4xx_HAL_Driver/Src/stm32f4xx_hal_tim_ex.o
 .debug_macro   0x0000000000020d94      0x21a Drivers/STM32F4xx_HAL_Driver/Src/stm32f4xx_ll_usb.o
 .debug_macro   0x0000000000020fae      0x43f Middlewares/ST/STM32_USB_Host_Library/Class/CDC/Src/usbh_cdc.o
 .debug_macro   0x00000000000213ed       0x16 Middlewares/ST/STM32_USB_Host_Library/Class/CDC/Src/usbh_cdc.o
 .debug_macro   0x0000000000021403       0x97 Middlewares/ST/STM32_USB_Host_Library/Class/CDC/Src/usbh_cdc.o
 .debug_macro   0x000000000002149a       0xfd Middlewares/ST/STM32_USB_Host_Library/Class/CDC/Src/usbh_cdc.o
 .debug_macro   0x0000000000021597       0x16 Middlewares/ST/STM32_USB_Host_Library/Class/CDC/Src/usbh_cdc.o
 .debug_macro   0x00000000000215ad       0x20 Middlewares/ST/STM32_USB_Host_Library/Class/CDC/Src/usbh_cdc.o
 .debug_macro   0x00000000000215cd       0xd9 Middlewares/ST/STM32_USB_Host_Library/Class/CDC/Src/usbh_cdc.o
 .debug_macro   0x00000000000216a6       0x54 Middlewares/ST/STM32_USB_Host_Library/Class/CDC/Src/usbh_cdc.o
 .debug_macro   0x00000000000216fa       0x73 Middlewares/ST/STM32_USB_Host_Library/Class/CDC/Src/usbh_cdc.o
 .debug_macro   0x000000000002176d      0x218 Middlewares/ST/STM32_USB_Host_Library/Class/CDC/Src/usbh_cdc.o
 .debug_macro   0x0000000000021985       0x2e Middlewares/ST/STM32_USB_Host_Library/Class/CDC/Src/usbh_cdc.o
 .debug_macro   0x00000000000219b3       0x2e Middlewares/ST/STM32_USB_Host_Library/Class/CDC/Src/usbh_cdc.o
 .debug_macro   0x00000000000219e1       0x28 Middlewares/ST/STM32_USB_Host_Library/Class/CDC/Src/usbh_cdc.o
 .debug_macro   0x0000000000021a09      0x15c Middlewares/ST/STM32_USB_Host_Library/Class/CDC/Src/usbh_cdc.o
 .debug_macro   0x0000000000021b65      0x43c Middlewares/ST/STM32_USB_Host_Library/Core/Src/usbh_core.o
 .debug_macro   0x0000000000021fa1      0x434 Middlewares/ST/STM32_USB_Host_Library/Core/Src/usbh_ctlreq.o
 .debug_macro   0x00000000000223d5       0x28 Middlewares/ST/STM32_USB_Host_Library/Core/Src/usbh_ctlreq.o
 .debug_macro   0x00000000000223fd      0x42e Middlewares/ST/STM32_USB_Host_Library/Core/Src/usbh_ioreq.o
 .debug_macro   0x000000000002282b      0x42e Middlewares/ST/STM32_USB_Host_Library/Core/Src/usbh_pipes.o
 .debug_macro   0x0000000000022c59      0x43d USB_HOST/App/usb_host.o
 .debug_macro   0x0000000000023096       0x46 USB_HOST/App/usb_host.o
 .debug_macro   0x00000000000230dc      0x32a USB_HOST/App/usb_host.o
 .debug_macro   0x0000000000023406      0x197 USB_HOST/App/usb_host.o
 .debug_macro   0x000000000002359d      0x162 USB_HOST/App/usb_host.o
 .debug_macro   0x00000000000236ff      0x43e USB_HOST/Target/usbh_conf.o
 .debug_macro   0x0000000000023b3d      0x22e USB_HOST/Target/usbh_platform.o

.debug_line     0x0000000000000000    0x13bfa
 .debug_line    0x0000000000000000      0x8c1 Core/Src/main.o
 .debug_line    0x00000000000008c1      0x829 Core/Src/stm32f4xx_hal_msp.o
 .debug_line    0x00000000000010ea      0x81b Core/Src/stm32f4xx_it.o
 .debug_line    0x0000000000001905      0x4c7 Core/Src/sysmem.o
 .debug_line    0x0000000000001dcc      0x76a Core/Src/system_stm32f4xx.o
 .debug_line    0x0000000000002536       0x85 Core/Startup/startup_stm32f407vgtx.o
 .debug_line    0x00000000000025bb      0x954 Drivers/STM32F4xx_HAL_Driver/Src/stm32f4xx_hal.o
 .debug_line    0x0000000000002f0f      0xa78 Drivers/STM32F4xx_HAL_Driver/Src/stm32f4xx_hal_cortex.o
 .debug_line    0x0000000000003987      0x933 Drivers/STM32F4xx_HAL_Driver/Src/stm32f4xx_hal_gpio.o
 .debug_line    0x00000000000042ba      0xbef Drivers/STM32F4xx_HAL_Driver/Src/stm32f4xx_hal_hcd.o
 .debug_line    0x0000000000004ea9     0x1c02 Drivers/STM32F4xx_HAL_Driver/Src/stm32f4xx_hal_i2c.o
 .debug_line    0x0000000000006aab      0xdf0 Drivers/STM32F4xx_HAL_Driver/Src/stm32f4xx_hal_i2s.o
 .debug_line    0x000000000000789b      0xf1e Drivers/STM32F4xx_HAL_Driver/Src/stm32f4xx_hal_i2s_ex.o
 .debug_line    0x00000000000087b9      0x9ac Drivers/STM32F4xx_HAL_Driver/Src/stm32f4xx_hal_rcc.o
 .debug_line    0x0000000000009165      0x875 Drivers/STM32F4xx_HAL_Driver/Src/stm32f4xx_hal_rcc_ex.o
 .debug_line    0x00000000000099da     0x1110 Drivers/STM32F4xx_HAL_Driver/Src/stm32f4xx_hal_spi.o
 .debug_line    0x000000000000aaea     0x19cd Drivers/STM32F4xx_HAL_Driver/Src/stm32f4xx_hal_tim.o
 .debug_line    0x000000000000c4b7      0xd6a Drivers/STM32F4xx_HAL_Driver/Src/stm32f4xx_hal_tim_ex.o
 .debug_line    0x000000000000d221      0xe7f Drivers/STM32F4xx_HAL_Driver/Src/stm32f4xx_ll_usb.o
 .debug_line    0x000000000000e0a0      0xcc9 Middlewares/ST/STM32_USB_Host_Library/Class/CDC/Src/usbh_cdc.o
 .debug_line    0x000000000000ed69      0xdf4 Middlewares/ST/STM32_USB_Host_Library/Core/Src/usbh_core.o
 .debug_line    0x000000000000fb5d      0xcdb Middlewares/ST/STM32_USB_Host_Library/Core/Src/usbh_ctlreq.o
 .debug_line    0x0000000000010838      0xae1 Middlewares/ST/STM32_USB_Host_Library/Core/Src/usbh_ioreq.o
 .debug_line    0x0000000000011319      0xa99 Middlewares/ST/STM32_USB_Host_Library/Core/Src/usbh_pipes.o
 .debug_line    0x0000000000011db2      0xa9a USB_HOST/App/usb_host.o
 .debug_line    0x000000000001284c      0xc33 USB_HOST/Target/usbh_conf.o
 .debug_line    0x000000000001347f      0x77b USB_HOST/Target/usbh_platform.o

.debug_str      0x0000000000000000    0xd27f6
 .debug_str     0x0000000000000000    0xc6a38 Core/Src/main.o
                                      0xc6ddb (size before relaxing)
 .debug_str     0x00000000000c6a38      0x5b9 Core/Src/stm32f4xx_hal_msp.o
                                      0xc6fc3 (size before relaxing)
 .debug_str     0x00000000000c6ff1      0x44d Core/Src/stm32f4xx_it.o
                                      0xc6780 (size before relaxing)
 .debug_str     0x00000000000c743e     0x1fc2 Core/Src/sysmem.o
                                       0x5f6b (size before relaxing)
 .debug_str     0x00000000000c9400       0xc4 Core/Src/system_stm32f4xx.o
                                      0xc5a02 (size before relaxing)
 .debug_str     0x00000000000c94c4       0x36 Core/Startup/startup_stm32f407vgtx.o
                                         0x78 (size before relaxing)
 .debug_str     0x00000000000c94fa      0x58d Drivers/STM32F4xx_HAL_Driver/Src/stm32f4xx_hal.o
                                      0xc64cf (size before relaxing)
 .debug_str     0x00000000000c9a87      0x392 Drivers/STM32F4xx_HAL_Driver/Src/stm32f4xx_hal_cortex.o
                                      0xc62be (size before relaxing)
 .debug_str     0x00000000000c9e19      0x20c Drivers/STM32F4xx_HAL_Driver/Src/stm32f4xx_hal_gpio.o
                                      0xc5c41 (size before relaxing)
 .debug_str     0x00000000000ca025      0x3da Drivers/STM32F4xx_HAL_Driver/Src/stm32f4xx_hal_hcd.o
                                      0xc6074 (size before relaxing)
 .debug_str     0x00000000000ca3ff      0xaa1 Drivers/STM32F4xx_HAL_Driver/Src/stm32f4xx_hal_i2c.o
                                      0xc696f (size before relaxing)
 .debug_str     0x00000000000caea0      0x27c Drivers/STM32F4xx_HAL_Driver/Src/stm32f4xx_hal_i2s.o
                                      0xc5fb6 (size before relaxing)
 .debug_str     0x00000000000cb11c      0x1f1 Drivers/STM32F4xx_HAL_Driver/Src/stm32f4xx_hal_i2s_ex.o
                                      0xc5ef4 (size before relaxing)
 .debug_str     0x00000000000cb30d      0x24e Drivers/STM32F4xx_HAL_Driver/Src/stm32f4xx_hal_rcc.o
                                      0xc5def (size before relaxing)
 .debug_str     0x00000000000cb55b      0x113 Drivers/STM32F4xx_HAL_Driver/Src/stm32f4xx_hal_rcc_ex.o
                                      0xc5b37 (size before relaxing)
 .debug_str     0x00000000000cb66e      0x520 Drivers/STM32F4xx_HAL_Driver/Src/stm32f4xx_hal_spi.o
                                      0xc6270 (size before relaxing)
 .debug_str     0x00000000000cbb8e      0xcd6 Drivers/STM32F4xx_HAL_Driver/Src/stm32f4xx_hal_tim.o
                                      0xc6b0e (size before relaxing)
 .debug_str     0x00000000000cc864      0x4a2 Drivers/STM32F4xx_HAL_Driver/Src/stm32f4xx_hal_tim_ex.o
                                      0xc630e (size before relaxing)
 .debug_str     0x00000000000ccd06      0x626 Drivers/STM32F4xx_HAL_Driver/Src/stm32f4xx_ll_usb.o
                                      0xc62d6 (size before relaxing)
 .debug_str     0x00000000000cd32c     0x4c2d Middlewares/ST/STM32_USB_Host_Library/Class/CDC/Src/usbh_cdc.o
                                      0xcc741 (size before relaxing)
 .debug_str     0x00000000000d1f59      0x266 Middlewares/ST/STM32_USB_Host_Library/Core/Src/usbh_core.o
                                      0xcbc47 (size before relaxing)
 .debug_str     0x00000000000d21bf      0x222 Middlewares/ST/STM32_USB_Host_Library/Core/Src/usbh_ctlreq.o
                                      0xcbc6b (size before relaxing)
 .debug_str     0x00000000000d23e1       0xfe Middlewares/ST/STM32_USB_Host_Library/Core/Src/usbh_ioreq.o
                                      0xcbae6 (size before relaxing)